[2025-07-08T12:51:55.323+0100][gc,heap] Heap region size: 1M
[2025-07-08T12:51:55.341+0100][gc     ] Using G1
[2025-07-08T12:51:55.342+0100][gc,heap,coops] Heap address: 0x00000000c0000000, size: 1024 MB, Compressed Oops mode: 32-bit
[2025-07-08T12:51:57.350+0100][gc,start     ] GC(0) Pause Young (Concurrent Start) (Metadata GC Threshold)
[2025-07-08T12:51:57.350+0100][gc,task      ] GC(0) Using 4 workers of 4 for evacuation
[2025-07-08T12:51:57.366+0100][gc,phases    ] GC(0)   Pre Evacuate Collection Set: 0.0ms
[2025-07-08T12:51:57.366+0100][gc,phases    ] GC(0)   Evacuate Collection Set: 14.5ms
[2025-07-08T12:51:57.366+0100][gc,phases    ] GC(0)   Post Evacuate Collection Set: 0.7ms
[2025-07-08T12:51:57.366+0100][gc,phases    ] GC(0)   Other: 0.7ms
[2025-07-08T12:51:57.366+0100][gc,heap      ] GC(0) Eden regions: 47->0(44)
[2025-07-08T12:51:57.366+0100][gc,heap      ] GC(0) Survivor regions: 0->7(7)
[2025-07-08T12:51:57.366+0100][gc,heap      ] GC(0) Old regions: 0->1
[2025-07-08T12:51:57.366+0100][gc,heap      ] GC(0) Humongous regions: 0->0
[2025-07-08T12:51:57.366+0100][gc,metaspace ] GC(0) Metaspace: 20799K(21296K)->20799K(21296K) NonClass: 18583K(18864K)->18583K(18864K) Class: 2215K(2432K)->2215K(2432K)
[2025-07-08T12:51:57.367+0100][gc           ] GC(0) Pause Young (Concurrent Start) (Metadata GC Threshold) 47M->7M(1024M) 16.703ms
[2025-07-08T12:51:57.367+0100][gc,cpu       ] GC(0) User=0.02s Sys=0.00s Real=0.02s
[2025-07-08T12:51:57.367+0100][gc           ] GC(1) Concurrent Cycle
[2025-07-08T12:51:57.367+0100][gc,marking   ] GC(1) Concurrent Clear Claimed Marks
[2025-07-08T12:51:57.367+0100][gc,marking   ] GC(1) Concurrent Clear Claimed Marks 0.047ms
[2025-07-08T12:51:57.367+0100][gc,marking   ] GC(1) Concurrent Scan Root Regions
[2025-07-08T12:51:57.371+0100][gc,marking   ] GC(1) Concurrent Scan Root Regions 4.441ms
[2025-07-08T12:51:57.372+0100][gc,marking   ] GC(1) Concurrent Mark (2.063s)
[2025-07-08T12:51:57.372+0100][gc,marking   ] GC(1) Concurrent Mark From Roots
[2025-07-08T12:51:57.372+0100][gc,task      ] GC(1) Using 1 workers of 1 for marking
[2025-07-08T12:51:57.376+0100][gc,marking   ] GC(1) Concurrent Mark From Roots 4.003ms
[2025-07-08T12:51:57.376+0100][gc,marking   ] GC(1) Concurrent Preclean
[2025-07-08T12:51:57.376+0100][gc,marking   ] GC(1) Concurrent Preclean 0.138ms
[2025-07-08T12:51:57.376+0100][gc,marking   ] GC(1) Concurrent Mark (2.063s, 2.067s) 4.587ms
[2025-07-08T12:51:57.376+0100][gc,start     ] GC(1) Pause Remark
[2025-07-08T12:51:57.378+0100][gc,stringtable] GC(1) Cleaned string and symbol table, strings: 8280 processed, 0 removed, symbols: 66354 processed, 32 removed
[2025-07-08T12:51:57.379+0100][gc            ] GC(1) Pause Remark 8M->8M(1024M) 3.075ms
[2025-07-08T12:51:57.379+0100][gc,cpu        ] GC(1) User=0.00s Sys=0.00s Real=0.00s
[2025-07-08T12:51:57.379+0100][gc,marking    ] GC(1) Concurrent Rebuild Remembered Sets
[2025-07-08T12:51:57.381+0100][gc,marking    ] GC(1) Concurrent Rebuild Remembered Sets 1.227ms
[2025-07-08T12:51:57.381+0100][gc,start      ] GC(1) Pause Cleanup
[2025-07-08T12:51:57.381+0100][gc            ] GC(1) Pause Cleanup 8M->8M(1024M) 0.200ms
[2025-07-08T12:51:57.381+0100][gc,cpu        ] GC(1) User=0.00s Sys=0.00s Real=0.00s
[2025-07-08T12:51:57.381+0100][gc,marking    ] GC(1) Concurrent Cleanup for Next Mark
[2025-07-08T12:51:57.385+0100][gc,marking    ] GC(1) Concurrent Cleanup for Next Mark 3.714ms
[2025-07-08T12:51:57.385+0100][gc            ] GC(1) Concurrent Cycle 18.156ms
[2025-07-08T12:51:58.631+0100][gc,start      ] GC(2) Pause Young (Normal) (G1 Evacuation Pause)
[2025-07-08T12:51:58.631+0100][gc,task       ] GC(2) Using 4 workers of 4 for evacuation
[2025-07-08T12:51:58.642+0100][gc,phases     ] GC(2)   Pre Evacuate Collection Set: 0.0ms
[2025-07-08T12:51:58.642+0100][gc,phases     ] GC(2)   Evacuate Collection Set: 9.9ms
[2025-07-08T12:51:58.642+0100][gc,phases     ] GC(2)   Post Evacuate Collection Set: 0.6ms
[2025-07-08T12:51:58.642+0100][gc,phases     ] GC(2)   Other: 0.2ms
[2025-07-08T12:51:58.642+0100][gc,heap       ] GC(2) Eden regions: 44->0(49)
[2025-07-08T12:51:58.642+0100][gc,heap       ] GC(2) Survivor regions: 7->2(7)
[2025-07-08T12:51:58.642+0100][gc,heap       ] GC(2) Old regions: 1->8
[2025-07-08T12:51:58.642+0100][gc,heap       ] GC(2) Humongous regions: 0->0
[2025-07-08T12:51:58.642+0100][gc,metaspace  ] GC(2) Metaspace: 29754K(30640K)->29754K(30640K) NonClass: 26337K(26800K)->26337K(26800K) Class: 3417K(3840K)->3417K(3840K)
[2025-07-08T12:51:58.642+0100][gc            ] GC(2) Pause Young (Normal) (G1 Evacuation Pause) 51M->8M(1024M) 10.981ms
[2025-07-08T12:51:58.642+0100][gc,cpu        ] GC(2) User=0.00s Sys=0.06s Real=0.01s
[2025-07-08T12:51:59.909+0100][gc,start      ] GC(3) Pause Young (Concurrent Start) (Metadata GC Threshold)
[2025-07-08T12:51:59.909+0100][gc,task       ] GC(3) Using 4 workers of 4 for evacuation
[2025-07-08T12:51:59.914+0100][gc,phases     ] GC(3)   Pre Evacuate Collection Set: 0.1ms
[2025-07-08T12:51:59.914+0100][gc,phases     ] GC(3)   Evacuate Collection Set: 4.0ms
[2025-07-08T12:51:59.914+0100][gc,phases     ] GC(3)   Post Evacuate Collection Set: 0.4ms
[2025-07-08T12:51:59.914+0100][gc,phases     ] GC(3)   Other: 0.4ms
[2025-07-08T12:51:59.914+0100][gc,heap       ] GC(3) Eden regions: 35->0(48)
[2025-07-08T12:51:59.914+0100][gc,heap       ] GC(3) Survivor regions: 2->3(7)
[2025-07-08T12:51:59.914+0100][gc,heap       ] GC(3) Old regions: 8->8
[2025-07-08T12:51:59.914+0100][gc,heap       ] GC(3) Humongous regions: 129->129
[2025-07-08T12:51:59.914+0100][gc,metaspace  ] GC(3) Metaspace: 34945K(35920K)->34945K(35920K) NonClass: 31062K(31568K)->31062K(31568K) Class: 3882K(4352K)->3882K(4352K)
[2025-07-08T12:51:59.914+0100][gc            ] GC(3) Pause Young (Concurrent Start) (Metadata GC Threshold) 172M->139M(1024M) 5.186ms
[2025-07-08T12:51:59.914+0100][gc,cpu        ] GC(3) User=0.00s Sys=0.00s Real=0.01s
[2025-07-08T12:51:59.914+0100][gc            ] GC(4) Concurrent Cycle
[2025-07-08T12:51:59.914+0100][gc,marking    ] GC(4) Concurrent Clear Claimed Marks
[2025-07-08T12:51:59.914+0100][gc,marking    ] GC(4) Concurrent Clear Claimed Marks 0.069ms
[2025-07-08T12:51:59.915+0100][gc,marking    ] GC(4) Concurrent Scan Root Regions
[2025-07-08T12:51:59.917+0100][gc,marking    ] GC(4) Concurrent Scan Root Regions 2.591ms
[2025-07-08T12:51:59.917+0100][gc,marking    ] GC(4) Concurrent Mark (4.609s)
[2025-07-08T12:51:59.917+0100][gc,marking    ] GC(4) Concurrent Mark From Roots
[2025-07-08T12:51:59.917+0100][gc,task       ] GC(4) Using 1 workers of 1 for marking
[2025-07-08T12:51:59.928+0100][gc,marking    ] GC(4) Concurrent Mark From Roots 10.910ms
[2025-07-08T12:51:59.928+0100][gc,marking    ] GC(4) Concurrent Preclean
[2025-07-08T12:51:59.929+0100][gc,marking    ] GC(4) Concurrent Preclean 0.209ms
[2025-07-08T12:51:59.929+0100][gc,marking    ] GC(4) Concurrent Mark (4.609s, 4.620s) 11.238ms
[2025-07-08T12:51:59.929+0100][gc,start      ] GC(4) Pause Remark
[2025-07-08T12:51:59.931+0100][gc,stringtable] GC(4) Cleaned string and symbol table, strings: 11748 processed, 11 removed, symbols: 100208 processed, 23 removed
[2025-07-08T12:51:59.932+0100][gc            ] GC(4) Pause Remark 140M->140M(1024M) 3.303ms
[2025-07-08T12:51:59.932+0100][gc,cpu        ] GC(4) User=0.00s Sys=0.00s Real=0.00s
[2025-07-08T12:51:59.932+0100][gc,marking    ] GC(4) Concurrent Rebuild Remembered Sets
[2025-07-08T12:51:59.937+0100][gc,marking    ] GC(4) Concurrent Rebuild Remembered Sets 5.078ms
[2025-07-08T12:51:59.938+0100][gc,start      ] GC(4) Pause Cleanup
[2025-07-08T12:51:59.938+0100][gc            ] GC(4) Pause Cleanup 140M->140M(1024M) 0.179ms
[2025-07-08T12:51:59.938+0100][gc,cpu        ] GC(4) User=0.00s Sys=0.00s Real=0.00s
[2025-07-08T12:51:59.939+0100][gc,marking    ] GC(4) Concurrent Cleanup for Next Mark
[2025-07-08T12:51:59.940+0100][gc,marking    ] GC(4) Concurrent Cleanup for Next Mark 2.716ms
[2025-07-08T12:51:59.940+0100][gc            ] GC(4) Concurrent Cycle 26.633ms
[2025-07-08T12:52:01.032+0100][gc,start      ] GC(5) Pause Young (Normal) (G1 Evacuation Pause)
[2025-07-08T12:52:01.032+0100][gc,task       ] GC(5) Using 4 workers of 4 for evacuation
[2025-07-08T12:52:01.043+0100][gc,phases     ] GC(5)   Pre Evacuate Collection Set: 0.0ms
[2025-07-08T12:52:01.043+0100][gc,phases     ] GC(5)   Evacuate Collection Set: 10.4ms
[2025-07-08T12:52:01.043+0100][gc,phases     ] GC(5)   Post Evacuate Collection Set: 0.7ms
[2025-07-08T12:52:01.043+0100][gc,phases     ] GC(5)   Other: 0.3ms
[2025-07-08T12:52:01.043+0100][gc,heap       ] GC(5) Eden regions: 48->0(44)
[2025-07-08T12:52:01.043+0100][gc,heap       ] GC(5) Survivor regions: 3->7(7)
[2025-07-08T12:52:01.043+0100][gc,heap       ] GC(5) Old regions: 8->8
[2025-07-08T12:52:01.043+0100][gc,heap       ] GC(5) Humongous regions: 129->129
[2025-07-08T12:52:01.043+0100][gc,metaspace  ] GC(5) Metaspace: 43263K(45008K)->43263K(45008K) NonClass: 38503K(39504K)->38503K(39504K) Class: 4759K(5504K)->4759K(5504K)
[2025-07-08T12:52:01.043+0100][gc            ] GC(5) Pause Young (Normal) (G1 Evacuation Pause) 187M->143M(1024M) 11.747ms
[2025-07-08T12:52:01.043+0100][gc,cpu        ] GC(5) User=0.03s Sys=0.00s Real=0.01s
[2025-07-08T13:08:30.756+0100][gc,start      ] GC(6) Pause Young (Normal) (G1 Evacuation Pause)
[2025-07-08T13:08:30.756+0100][gc,task       ] GC(6) Using 4 workers of 4 for evacuation
[2025-07-08T13:08:30.798+0100][gc,mmu        ] GC(6) MMU target violated: 21.0ms (20.0ms/21.0ms)
[2025-07-08T13:08:30.798+0100][gc,phases     ] GC(6)   Pre Evacuate Collection Set: 0.1ms
[2025-07-08T13:08:30.798+0100][gc,phases     ] GC(6)   Evacuate Collection Set: 40.0ms
[2025-07-08T13:08:30.798+0100][gc,phases     ] GC(6)   Post Evacuate Collection Set: 1.5ms
[2025-07-08T13:08:30.798+0100][gc,phases     ] GC(6)   Other: 0.7ms
[2025-07-08T13:08:30.798+0100][gc,heap       ] GC(6) Eden regions: 44->0(49)
[2025-07-08T13:08:30.798+0100][gc,heap       ] GC(6) Survivor regions: 7->2(7)
[2025-07-08T13:08:30.798+0100][gc,heap       ] GC(6) Old regions: 8->14
[2025-07-08T13:08:30.798+0100][gc,heap       ] GC(6) Humongous regions: 129->129
[2025-07-08T13:08:30.798+0100][gc,metaspace  ] GC(6) Metaspace: 48603K(51024K)->48603K(51024K) NonClass: 42840K(44112K)->42840K(44112K) Class: 5762K(6912K)->5762K(6912K)
[2025-07-08T13:08:30.798+0100][gc            ] GC(6) Pause Young (Normal) (G1 Evacuation Pause) 187M->144M(1024M) 42.564ms
[2025-07-08T13:08:30.798+0100][gc,cpu        ] GC(6) User=0.11s Sys=0.03s Real=0.04s
[2025-07-08T14:31:29.905+0100][gc,start      ] GC(7) Pause Young (Normal) (G1 Evacuation Pause)
[2025-07-08T14:31:29.905+0100][gc,task       ] GC(7) Using 4 workers of 4 for evacuation
[2025-07-08T14:31:29.915+0100][gc,phases     ] GC(7)   Pre Evacuate Collection Set: 0.1ms
[2025-07-08T14:31:29.915+0100][gc,phases     ] GC(7)   Evacuate Collection Set: 7.1ms
[2025-07-08T14:31:29.915+0100][gc,phases     ] GC(7)   Post Evacuate Collection Set: 1.2ms
[2025-07-08T14:31:29.915+0100][gc,phases     ] GC(7)   Other: 0.5ms
[2025-07-08T14:31:29.915+0100][gc,heap       ] GC(7) Eden regions: 49->0(49)
[2025-07-08T14:31:29.915+0100][gc,heap       ] GC(7) Survivor regions: 2->2(7)
[2025-07-08T14:31:29.915+0100][gc,heap       ] GC(7) Old regions: 14->14
[2025-07-08T14:31:29.915+0100][gc,heap       ] GC(7) Humongous regions: 129->129
[2025-07-08T14:31:29.915+0100][gc,metaspace  ] GC(7) Metaspace: 49718K(52048K)->49718K(52048K) NonClass: 43919K(45136K)->43919K(45136K) Class: 5799K(6912K)->5799K(6912K)
[2025-07-08T14:31:29.915+0100][gc            ] GC(7) Pause Young (Normal) (G1 Evacuation Pause) 193M->144M(1024M) 9.504ms
[2025-07-08T14:31:29.915+0100][gc,cpu        ] GC(7) User=0.00s Sys=0.02s Real=0.01s
[2025-07-08T15:46:06.995+0100][gc,start      ] GC(8) Pause Young (Normal) (G1 Evacuation Pause)
[2025-07-08T15:46:06.995+0100][gc,task       ] GC(8) Using 4 workers of 4 for evacuation
[2025-07-08T15:46:07.037+0100][gc,mmu        ] GC(8) MMU target violated: 21.0ms (20.0ms/21.0ms)
[2025-07-08T15:46:07.037+0100][gc,phases     ] GC(8)   Pre Evacuate Collection Set: 1.6ms
[2025-07-08T15:46:07.037+0100][gc,phases     ] GC(8)   Evacuate Collection Set: 38.3ms
[2025-07-08T15:46:07.037+0100][gc,phases     ] GC(8)   Post Evacuate Collection Set: 1.6ms
[2025-07-08T15:46:07.037+0100][gc,phases     ] GC(8)   Other: 1.8ms
[2025-07-08T15:46:07.037+0100][gc,heap       ] GC(8) Eden regions: 49->0(49)
[2025-07-08T15:46:07.039+0100][gc,heap       ] GC(8) Survivor regions: 2->2(7)
[2025-07-08T15:46:07.039+0100][gc,heap       ] GC(8) Old regions: 14->14
[2025-07-08T15:46:07.039+0100][gc,heap       ] GC(8) Humongous regions: 129->129
[2025-07-08T15:46:07.039+0100][gc,metaspace  ] GC(8) Metaspace: 50024K(52304K)->50024K(52304K) NonClass: 44219K(45392K)->44219K(45392K) Class: 5804K(6912K)->5804K(6912K)
[2025-07-08T15:46:07.039+0100][gc            ] GC(8) Pause Young (Normal) (G1 Evacuation Pause) 193M->144M(1024M) 43.854ms
[2025-07-08T15:46:07.039+0100][gc,cpu        ] GC(8) User=0.06s Sys=0.03s Real=0.04s
