[2025-07-10T11:44:26.323+0100][gc,heap] Heap region size: 1M
[2025-07-10T11:44:26.345+0100][gc     ] Using G1
[2025-07-10T11:44:26.345+0100][gc,heap,coops] Heap address: 0x00000000c0000000, size: 1024 MB, Compressed Oops mode: 32-bit
[2025-07-10T11:44:28.334+0100][gc,start     ] GC(0) Pause Young (Concurrent Start) (Metadata GC Threshold)
[2025-07-10T11:44:28.334+0100][gc,task      ] GC(0) Using 4 workers of 4 for evacuation
[2025-07-10T11:44:28.345+0100][gc,phases    ] GC(0)   Pre Evacuate Collection Set: 0.0ms
[2025-07-10T11:44:28.345+0100][gc,phases    ] GC(0)   Evacuate Collection Set: 10.3ms
[2025-07-10T11:44:28.345+0100][gc,phases    ] GC(0)   Post Evacuate Collection Set: 0.6ms
[2025-07-10T11:44:28.345+0100][gc,phases    ] GC(0)   Other: 0.6ms
[2025-07-10T11:44:28.346+0100][gc,heap      ] GC(0) Eden regions: 47->0(44)
[2025-07-10T11:44:28.346+0100][gc,heap      ] GC(0) Survivor regions: 0->7(7)
[2025-07-10T11:44:28.346+0100][gc,heap      ] GC(0) Old regions: 0->1
[2025-07-10T11:44:28.346+0100][gc,heap      ] GC(0) Humongous regions: 0->0
[2025-07-10T11:44:28.346+0100][gc,metaspace ] GC(0) Metaspace: 20797K(21296K)->20797K(21296K) NonClass: 18581K(18864K)->18581K(18864K) Class: 2216K(2432K)->2216K(2432K)
[2025-07-10T11:44:28.346+0100][gc           ] GC(0) Pause Young (Concurrent Start) (Metadata GC Threshold) 47M->7M(1024M) 12.091ms
[2025-07-10T11:44:28.346+0100][gc,cpu       ] GC(0) User=0.00s Sys=0.02s Real=0.01s
[2025-07-10T11:44:28.346+0100][gc           ] GC(1) Concurrent Cycle
[2025-07-10T11:44:28.346+0100][gc,marking   ] GC(1) Concurrent Clear Claimed Marks
[2025-07-10T11:44:28.346+0100][gc,marking   ] GC(1) Concurrent Clear Claimed Marks 0.044ms
[2025-07-10T11:44:28.346+0100][gc,marking   ] GC(1) Concurrent Scan Root Regions
[2025-07-10T11:44:28.349+0100][gc,marking   ] GC(1) Concurrent Scan Root Regions 3.459ms
[2025-07-10T11:44:28.349+0100][gc,marking   ] GC(1) Concurrent Mark (2.046s)
[2025-07-10T11:44:28.349+0100][gc,marking   ] GC(1) Concurrent Mark From Roots
[2025-07-10T11:44:28.349+0100][gc,task      ] GC(1) Using 1 workers of 1 for marking
[2025-07-10T11:44:28.353+0100][gc,marking   ] GC(1) Concurrent Mark From Roots 2.940ms
[2025-07-10T11:44:28.353+0100][gc,marking   ] GC(1) Concurrent Preclean
[2025-07-10T11:44:28.353+0100][gc,marking   ] GC(1) Concurrent Preclean 0.142ms
[2025-07-10T11:44:28.353+0100][gc,marking   ] GC(1) Concurrent Mark (2.046s, 2.049s) 3.229ms
[2025-07-10T11:44:28.353+0100][gc,start     ] GC(1) Pause Remark
[2025-07-10T11:44:28.355+0100][gc,stringtable] GC(1) Cleaned string and symbol table, strings: 8267 processed, 0 removed, symbols: 66367 processed, 32 removed
[2025-07-10T11:44:28.355+0100][gc            ] GC(1) Pause Remark 8M->8M(1024M) 2.381ms
[2025-07-10T11:44:28.355+0100][gc,cpu        ] GC(1) User=0.00s Sys=0.00s Real=0.00s
[2025-07-10T11:44:28.355+0100][gc,marking    ] GC(1) Concurrent Rebuild Remembered Sets
[2025-07-10T11:44:28.357+0100][gc,marking    ] GC(1) Concurrent Rebuild Remembered Sets 1.017ms
[2025-07-10T11:44:28.357+0100][gc,start      ] GC(1) Pause Cleanup
[2025-07-10T11:44:28.357+0100][gc            ] GC(1) Pause Cleanup 8M->8M(1024M) 0.156ms
[2025-07-10T11:44:28.357+0100][gc,cpu        ] GC(1) User=0.00s Sys=0.00s Real=0.00s
[2025-07-10T11:44:28.357+0100][gc,marking    ] GC(1) Concurrent Cleanup for Next Mark
[2025-07-10T11:44:28.361+0100][gc,marking    ] GC(1) Concurrent Cleanup for Next Mark 3.168ms
[2025-07-10T11:44:28.361+0100][gc            ] GC(1) Concurrent Cycle 14.293ms
[2025-07-10T11:44:29.582+0100][gc,start      ] GC(2) Pause Young (Normal) (G1 Evacuation Pause)
[2025-07-10T11:44:29.582+0100][gc,task       ] GC(2) Using 4 workers of 4 for evacuation
[2025-07-10T11:44:29.591+0100][gc,phases     ] GC(2)   Pre Evacuate Collection Set: 0.0ms
[2025-07-10T11:44:29.591+0100][gc,phases     ] GC(2)   Evacuate Collection Set: 8.6ms
[2025-07-10T11:44:29.591+0100][gc,phases     ] GC(2)   Post Evacuate Collection Set: 0.6ms
[2025-07-10T11:44:29.591+0100][gc,phases     ] GC(2)   Other: 0.2ms
[2025-07-10T11:44:29.591+0100][gc,heap       ] GC(2) Eden regions: 44->0(49)
[2025-07-10T11:44:29.591+0100][gc,heap       ] GC(2) Survivor regions: 7->2(7)
[2025-07-10T11:44:29.591+0100][gc,heap       ] GC(2) Old regions: 1->8
[2025-07-10T11:44:29.591+0100][gc,heap       ] GC(2) Humongous regions: 0->0
[2025-07-10T11:44:29.591+0100][gc,metaspace  ] GC(2) Metaspace: 29745K(30640K)->29745K(30640K) NonClass: 26326K(26800K)->26326K(26800K) Class: 3419K(3840K)->3419K(3840K)
[2025-07-10T11:44:29.591+0100][gc            ] GC(2) Pause Young (Normal) (G1 Evacuation Pause) 51M->8M(1024M) 9.752ms
[2025-07-10T11:44:29.591+0100][gc,cpu        ] GC(2) User=0.00s Sys=0.00s Real=0.01s
[2025-07-10T11:44:31.150+0100][gc,start      ] GC(3) Pause Young (Concurrent Start) (Metadata GC Threshold)
[2025-07-10T11:44:31.150+0100][gc,task       ] GC(3) Using 4 workers of 4 for evacuation
[2025-07-10T11:44:31.154+0100][gc,phases     ] GC(3)   Pre Evacuate Collection Set: 0.0ms
[2025-07-10T11:44:31.154+0100][gc,phases     ] GC(3)   Evacuate Collection Set: 3.7ms
[2025-07-10T11:44:31.154+0100][gc,phases     ] GC(3)   Post Evacuate Collection Set: 0.4ms
[2025-07-10T11:44:31.154+0100][gc,phases     ] GC(3)   Other: 0.2ms
[2025-07-10T11:44:31.154+0100][gc,heap       ] GC(3) Eden regions: 40->0(48)
[2025-07-10T11:44:31.154+0100][gc,heap       ] GC(3) Survivor regions: 2->3(7)
[2025-07-10T11:44:31.154+0100][gc,heap       ] GC(3) Old regions: 8->8
[2025-07-10T11:44:31.154+0100][gc,heap       ] GC(3) Humongous regions: 129->129
[2025-07-10T11:44:31.154+0100][gc,metaspace  ] GC(3) Metaspace: 34937K(35920K)->34937K(35920K) NonClass: 31054K(31568K)->31054K(31568K) Class: 3882K(4352K)->3882K(4352K)
[2025-07-10T11:44:31.154+0100][gc            ] GC(3) Pause Young (Concurrent Start) (Metadata GC Threshold) 177M->139M(1024M) 4.574ms
[2025-07-10T11:44:31.154+0100][gc,cpu        ] GC(3) User=0.00s Sys=0.00s Real=0.00s
[2025-07-10T11:44:31.154+0100][gc            ] GC(4) Concurrent Cycle
[2025-07-10T11:44:31.154+0100][gc,marking    ] GC(4) Concurrent Clear Claimed Marks
[2025-07-10T11:44:31.154+0100][gc,marking    ] GC(4) Concurrent Clear Claimed Marks 0.068ms
[2025-07-10T11:44:31.154+0100][gc,marking    ] GC(4) Concurrent Scan Root Regions
[2025-07-10T11:44:31.156+0100][gc,marking    ] GC(4) Concurrent Scan Root Regions 2.443ms
[2025-07-10T11:44:31.157+0100][gc,marking    ] GC(4) Concurrent Mark (4.853s)
[2025-07-10T11:44:31.157+0100][gc,marking    ] GC(4) Concurrent Mark From Roots
[2025-07-10T11:44:31.157+0100][gc,task       ] GC(4) Using 1 workers of 1 for marking
[2025-07-10T11:44:31.167+0100][gc,marking    ] GC(4) Concurrent Mark From Roots 10.440ms
[2025-07-10T11:44:31.167+0100][gc,marking    ] GC(4) Concurrent Preclean
[2025-07-10T11:44:31.167+0100][gc,marking    ] GC(4) Concurrent Preclean 0.191ms
[2025-07-10T11:44:31.167+0100][gc,marking    ] GC(4) Concurrent Mark (4.853s, 4.864s) 10.772ms
[2025-07-10T11:44:31.168+0100][gc,start      ] GC(4) Pause Remark
[2025-07-10T11:44:31.171+0100][gc,stringtable] GC(4) Cleaned string and symbol table, strings: 11796 processed, 10 removed, symbols: 100193 processed, 23 removed
[2025-07-10T11:44:31.172+0100][gc            ] GC(4) Pause Remark 140M->140M(1024M) 3.423ms
[2025-07-10T11:44:31.172+0100][gc,cpu        ] GC(4) User=0.02s Sys=0.03s Real=0.00s
[2025-07-10T11:44:31.172+0100][gc,marking    ] GC(4) Concurrent Rebuild Remembered Sets
[2025-07-10T11:44:31.176+0100][gc,marking    ] GC(4) Concurrent Rebuild Remembered Sets 4.877ms
[2025-07-10T11:44:31.177+0100][gc,start      ] GC(4) Pause Cleanup
[2025-07-10T11:44:31.177+0100][gc            ] GC(4) Pause Cleanup 140M->140M(1024M) 0.180ms
[2025-07-10T11:44:31.177+0100][gc,cpu        ] GC(4) User=0.00s Sys=0.00s Real=0.00s
[2025-07-10T11:44:31.177+0100][gc,marking    ] GC(4) Concurrent Cleanup for Next Mark
[2025-07-10T11:44:31.180+0100][gc,marking    ] GC(4) Concurrent Cleanup for Next Mark 2.944ms
[2025-07-10T11:44:31.180+0100][gc            ] GC(4) Concurrent Cycle 25.632ms
[2025-07-10T11:44:32.169+0100][gc,start      ] GC(5) Pause Young (Normal) (GCLocker Initiated GC)
[2025-07-10T11:44:32.169+0100][gc,task       ] GC(5) Using 4 workers of 4 for evacuation
[2025-07-10T11:44:32.182+0100][gc,phases     ] GC(5)   Pre Evacuate Collection Set: 0.0ms
[2025-07-10T11:44:32.182+0100][gc,phases     ] GC(5)   Evacuate Collection Set: 13.3ms
[2025-07-10T11:44:32.182+0100][gc,phases     ] GC(5)   Post Evacuate Collection Set: 0.5ms
[2025-07-10T11:44:32.182+0100][gc,phases     ] GC(5)   Other: 0.4ms
[2025-07-10T11:44:32.182+0100][gc,heap       ] GC(5) Eden regions: 48->0(44)
[2025-07-10T11:44:32.182+0100][gc,heap       ] GC(5) Survivor regions: 3->7(7)
[2025-07-10T11:44:32.182+0100][gc,heap       ] GC(5) Old regions: 8->8
[2025-07-10T11:44:32.182+0100][gc,heap       ] GC(5) Humongous regions: 129->129
[2025-07-10T11:44:32.182+0100][gc,metaspace  ] GC(5) Metaspace: 42949K(44496K)->42949K(44496K) NonClass: 38176K(38992K)->38176K(38992K) Class: 4772K(5504K)->4772K(5504K)
[2025-07-10T11:44:32.182+0100][gc            ] GC(5) Pause Young (Normal) (GCLocker Initiated GC) 187M->143M(1024M) 14.443ms
[2025-07-10T11:44:32.182+0100][gc,cpu        ] GC(5) User=0.06s Sys=0.00s Real=0.01s
[2025-07-10T11:56:48.374+0100][gc,start      ] GC(6) Pause Young (Normal) (G1 Evacuation Pause)
[2025-07-10T11:56:48.374+0100][gc,task       ] GC(6) Using 4 workers of 4 for evacuation
[2025-07-10T11:56:48.392+0100][gc,phases     ] GC(6)   Pre Evacuate Collection Set: 0.1ms
[2025-07-10T11:56:48.392+0100][gc,phases     ] GC(6)   Evacuate Collection Set: 16.4ms
[2025-07-10T11:56:48.392+0100][gc,phases     ] GC(6)   Post Evacuate Collection Set: 0.8ms
[2025-07-10T11:56:48.392+0100][gc,phases     ] GC(6)   Other: 0.4ms
[2025-07-10T11:56:48.392+0100][gc,heap       ] GC(6) Eden regions: 44->0(48)
[2025-07-10T11:56:48.392+0100][gc,heap       ] GC(6) Survivor regions: 7->3(7)
[2025-07-10T11:56:48.392+0100][gc,heap       ] GC(6) Old regions: 8->14
[2025-07-10T11:56:48.392+0100][gc,heap       ] GC(6) Humongous regions: 129->129
[2025-07-10T11:56:48.392+0100][gc,metaspace  ] GC(6) Metaspace: 48795K(51024K)->48795K(51024K) NonClass: 42995K(44112K)->42995K(44112K) Class: 5799K(6912K)->5799K(6912K)
[2025-07-10T11:56:48.392+0100][gc            ] GC(6) Pause Young (Normal) (G1 Evacuation Pause) 187M->145M(1024M) 18.026ms
[2025-07-10T11:56:48.392+0100][gc,cpu        ] GC(6) User=0.03s Sys=0.02s Real=0.02s
[2025-07-10T11:56:48.864+0100][gc,heap,exit  ] Heap
[2025-07-10T11:56:48.864+0100][gc,heap,exit  ]  garbage-first heap   total 1048576K, used 156837K [0x00000000c0000000, 0x0000000100000000)
[2025-07-10T11:56:48.864+0100][gc,heap,exit  ]   region size 1024K, 12 young (12288K), 3 survivors (3072K)
[2025-07-10T11:56:48.864+0100][gc,heap,exit  ]  Metaspace       used 49403K, capacity 51742K, committed 51792K, reserved 1093632K
[2025-07-10T11:56:48.864+0100][gc,heap,exit  ]   class space    used 5984K, capacity 7144K, committed 7168K, reserved 1048576K
