[2025-07-08T19:02:50.304+0100][gc,heap] Heap region size: 1M
[2025-07-08T19:02:50.325+0100][gc     ] Using G1
[2025-07-08T19:02:50.325+0100][gc,heap,coops] Heap address: 0x00000000c0000000, size: 1024 MB, Compressed Oops mode: 32-bit
[2025-07-08T19:02:52.266+0100][gc,start     ] GC(0) Pause Young (Concurrent Start) (Metadata GC Threshold)
[2025-07-08T19:02:52.266+0100][gc,task      ] GC(0) Using 4 workers of 4 for evacuation
[2025-07-08T19:02:52.277+0100][gc,phases    ] GC(0)   Pre Evacuate Collection Set: 0.0ms
[2025-07-08T19:02:52.277+0100][gc,phases    ] GC(0)   Evacuate Collection Set: 9.8ms
[2025-07-08T19:02:52.277+0100][gc,phases    ] GC(0)   Post Evacuate Collection Set: 0.8ms
[2025-07-08T19:02:52.277+0100][gc,phases    ] GC(0)   Other: 0.6ms
[2025-07-08T19:02:52.280+0100][gc,heap      ] GC(0) Eden regions: 47->0(44)
[2025-07-08T19:02:52.280+0100][gc,heap      ] GC(0) Survivor regions: 0->7(7)
[2025-07-08T19:02:52.280+0100][gc,heap      ] GC(0) Old regions: 0->1
[2025-07-08T19:02:52.280+0100][gc,heap      ] GC(0) Humongous regions: 0->0
[2025-07-08T19:02:52.280+0100][gc,metaspace ] GC(0) Metaspace: 20790K(21296K)->20790K(21296K) NonClass: 18574K(18864K)->18574K(18864K) Class: 2216K(2432K)->2216K(2432K)
[2025-07-08T19:02:52.280+0100][gc           ] GC(0) Pause Young (Concurrent Start) (Metadata GC Threshold) 46M->7M(1024M) 13.730ms
[2025-07-08T19:02:52.280+0100][gc,cpu       ] GC(0) User=0.00s Sys=0.00s Real=0.01s
[2025-07-08T19:02:52.280+0100][gc           ] GC(1) Concurrent Cycle
[2025-07-08T19:02:52.280+0100][gc,marking   ] GC(1) Concurrent Clear Claimed Marks
[2025-07-08T19:02:52.280+0100][gc,marking   ] GC(1) Concurrent Clear Claimed Marks 0.060ms
[2025-07-08T19:02:52.280+0100][gc,marking   ] GC(1) Concurrent Scan Root Regions
[2025-07-08T19:02:52.285+0100][gc,marking   ] GC(1) Concurrent Scan Root Regions 4.981ms
[2025-07-08T19:02:52.285+0100][gc,marking   ] GC(1) Concurrent Mark (1.997s)
[2025-07-08T19:02:52.285+0100][gc,marking   ] GC(1) Concurrent Mark From Roots
[2025-07-08T19:02:52.285+0100][gc,task      ] GC(1) Using 1 workers of 1 for marking
[2025-07-08T19:02:52.287+0100][gc,marking   ] GC(1) Concurrent Mark From Roots 2.378ms
[2025-07-08T19:02:52.288+0100][gc,marking   ] GC(1) Concurrent Preclean
[2025-07-08T19:02:52.288+0100][gc,marking   ] GC(1) Concurrent Preclean 0.139ms
[2025-07-08T19:02:52.288+0100][gc,marking   ] GC(1) Concurrent Mark (1.997s, 2.000s) 2.663ms
[2025-07-08T19:02:52.288+0100][gc,start     ] GC(1) Pause Remark
[2025-07-08T19:02:52.291+0100][gc,stringtable] GC(1) Cleaned string and symbol table, strings: 8269 processed, 0 removed, symbols: 66355 processed, 32 removed
[2025-07-08T19:02:52.291+0100][gc            ] GC(1) Pause Remark 7M->7M(1024M) 2.964ms
[2025-07-08T19:02:52.291+0100][gc,cpu        ] GC(1) User=0.00s Sys=0.00s Real=0.00s
[2025-07-08T19:02:52.291+0100][gc,marking    ] GC(1) Concurrent Rebuild Remembered Sets
[2025-07-08T19:02:52.291+0100][gc,marking    ] GC(1) Concurrent Rebuild Remembered Sets 0.689ms
[2025-07-08T19:02:52.292+0100][gc,start      ] GC(1) Pause Cleanup
[2025-07-08T19:02:52.292+0100][gc            ] GC(1) Pause Cleanup 7M->7M(1024M) 0.233ms
[2025-07-08T19:02:52.292+0100][gc,cpu        ] GC(1) User=0.00s Sys=0.00s Real=0.00s
[2025-07-08T19:02:52.292+0100][gc,marking    ] GC(1) Concurrent Cleanup for Next Mark
[2025-07-08T19:02:52.296+0100][gc,marking    ] GC(1) Concurrent Cleanup for Next Mark 2.914ms
[2025-07-08T19:02:52.296+0100][gc            ] GC(1) Concurrent Cycle 15.588ms
[2025-07-08T19:02:53.269+0100][gc,start      ] GC(2) Pause Young (Normal) (G1 Evacuation Pause)
[2025-07-08T19:02:53.269+0100][gc,task       ] GC(2) Using 4 workers of 4 for evacuation
[2025-07-08T19:02:53.281+0100][gc,phases     ] GC(2)   Pre Evacuate Collection Set: 0.0ms
[2025-07-08T19:02:53.281+0100][gc,phases     ] GC(2)   Evacuate Collection Set: 10.3ms
[2025-07-08T19:02:53.281+0100][gc,phases     ] GC(2)   Post Evacuate Collection Set: 0.9ms
[2025-07-08T19:02:53.281+0100][gc,phases     ] GC(2)   Other: 0.2ms
[2025-07-08T19:02:53.281+0100][gc,heap       ] GC(2) Eden regions: 44->0(49)
[2025-07-08T19:02:53.281+0100][gc,heap       ] GC(2) Survivor regions: 7->2(7)
[2025-07-08T19:02:53.281+0100][gc,heap       ] GC(2) Old regions: 1->8
[2025-07-08T19:02:53.281+0100][gc,heap       ] GC(2) Humongous regions: 0->0
[2025-07-08T19:02:53.281+0100][gc,metaspace  ] GC(2) Metaspace: 29839K(30640K)->29839K(30640K) NonClass: 26404K(26800K)->26404K(26800K) Class: 3435K(3840K)->3435K(3840K)
[2025-07-08T19:02:53.281+0100][gc            ] GC(2) Pause Young (Normal) (G1 Evacuation Pause) 51M->8M(1024M) 11.747ms
[2025-07-08T19:02:53.281+0100][gc,cpu        ] GC(2) User=0.00s Sys=0.00s Real=0.01s
[2025-07-08T19:02:54.530+0100][gc,start      ] GC(3) Pause Young (Concurrent Start) (Metadata GC Threshold)
[2025-07-08T19:02:54.530+0100][gc,task       ] GC(3) Using 4 workers of 4 for evacuation
[2025-07-08T19:02:54.534+0100][gc,phases     ] GC(3)   Pre Evacuate Collection Set: 0.0ms
[2025-07-08T19:02:54.534+0100][gc,phases     ] GC(3)   Evacuate Collection Set: 3.8ms
[2025-07-08T19:02:54.534+0100][gc,phases     ] GC(3)   Post Evacuate Collection Set: 0.4ms
[2025-07-08T19:02:54.535+0100][gc,phases     ] GC(3)   Other: 0.2ms
[2025-07-08T19:02:54.535+0100][gc,heap       ] GC(3) Eden regions: 38->0(48)
[2025-07-08T19:02:54.535+0100][gc,heap       ] GC(3) Survivor regions: 2->3(7)
[2025-07-08T19:02:54.535+0100][gc,heap       ] GC(3) Old regions: 8->8
[2025-07-08T19:02:54.535+0100][gc,heap       ] GC(3) Humongous regions: 129->129
[2025-07-08T19:02:54.535+0100][gc,metaspace  ] GC(3) Metaspace: 34940K(35920K)->34940K(35920K) NonClass: 31057K(31568K)->31057K(31568K) Class: 3883K(4352K)->3883K(4352K)
[2025-07-08T19:02:54.535+0100][gc            ] GC(3) Pause Young (Concurrent Start) (Metadata GC Threshold) 175M->139M(1024M) 4.826ms
[2025-07-08T19:02:54.535+0100][gc,cpu        ] GC(3) User=0.00s Sys=0.02s Real=0.01s
[2025-07-08T19:02:54.535+0100][gc            ] GC(4) Concurrent Cycle
[2025-07-08T19:02:54.535+0100][gc,marking    ] GC(4) Concurrent Clear Claimed Marks
[2025-07-08T19:02:54.535+0100][gc,marking    ] GC(4) Concurrent Clear Claimed Marks 0.074ms
[2025-07-08T19:02:54.535+0100][gc,marking    ] GC(4) Concurrent Scan Root Regions
[2025-07-08T19:02:54.538+0100][gc,marking    ] GC(4) Concurrent Scan Root Regions 2.202ms
[2025-07-08T19:02:54.538+0100][gc,marking    ] GC(4) Concurrent Mark (4.250s)
[2025-07-08T19:02:54.538+0100][gc,marking    ] GC(4) Concurrent Mark From Roots
[2025-07-08T19:02:54.538+0100][gc,task       ] GC(4) Using 1 workers of 1 for marking
[2025-07-08T19:02:54.548+0100][gc,marking    ] GC(4) Concurrent Mark From Roots 10.229ms
[2025-07-08T19:02:54.548+0100][gc,marking    ] GC(4) Concurrent Preclean
[2025-07-08T19:02:54.548+0100][gc,marking    ] GC(4) Concurrent Preclean 0.219ms
[2025-07-08T19:02:54.548+0100][gc,marking    ] GC(4) Concurrent Mark (4.250s, 4.261s) 10.564ms
[2025-07-08T19:02:54.548+0100][gc,start      ] GC(4) Pause Remark
[2025-07-08T19:02:54.551+0100][gc,stringtable] GC(4) Cleaned string and symbol table, strings: 11814 processed, 10 removed, symbols: 100235 processed, 23 removed
[2025-07-08T19:02:54.551+0100][gc            ] GC(4) Pause Remark 140M->140M(1024M) 3.169ms
[2025-07-08T19:02:54.551+0100][gc,cpu        ] GC(4) User=0.00s Sys=0.00s Real=0.00s
[2025-07-08T19:02:54.551+0100][gc,marking    ] GC(4) Concurrent Rebuild Remembered Sets
[2025-07-08T19:02:54.556+0100][gc,marking    ] GC(4) Concurrent Rebuild Remembered Sets 4.511ms
[2025-07-08T19:02:54.557+0100][gc,start      ] GC(4) Pause Cleanup
[2025-07-08T19:02:54.557+0100][gc            ] GC(4) Pause Cleanup 140M->140M(1024M) 0.149ms
[2025-07-08T19:02:54.557+0100][gc,cpu        ] GC(4) User=0.00s Sys=0.00s Real=0.00s
[2025-07-08T19:02:54.557+0100][gc,marking    ] GC(4) Concurrent Cleanup for Next Mark
[2025-07-08T19:02:54.560+0100][gc,marking    ] GC(4) Concurrent Cleanup for Next Mark 2.739ms
[2025-07-08T19:02:54.560+0100][gc            ] GC(4) Concurrent Cycle 24.213ms
[2025-07-08T19:02:55.536+0100][gc,start      ] GC(5) Pause Young (Normal) (G1 Evacuation Pause)
[2025-07-08T19:02:55.536+0100][gc,task       ] GC(5) Using 4 workers of 4 for evacuation
[2025-07-08T19:02:55.548+0100][gc,phases     ] GC(5)   Pre Evacuate Collection Set: 0.0ms
[2025-07-08T19:02:55.548+0100][gc,phases     ] GC(5)   Evacuate Collection Set: 10.5ms
[2025-07-08T19:02:55.548+0100][gc,phases     ] GC(5)   Post Evacuate Collection Set: 0.6ms
[2025-07-08T19:02:55.548+0100][gc,phases     ] GC(5)   Other: 0.4ms
[2025-07-08T19:02:55.548+0100][gc,heap       ] GC(5) Eden regions: 48->0(44)
[2025-07-08T19:02:55.548+0100][gc,heap       ] GC(5) Survivor regions: 3->7(7)
[2025-07-08T19:02:55.548+0100][gc,heap       ] GC(5) Old regions: 8->8
[2025-07-08T19:02:55.548+0100][gc,heap       ] GC(5) Humongous regions: 129->129
[2025-07-08T19:02:55.548+0100][gc,metaspace  ] GC(5) Metaspace: 43237K(45008K)->43237K(45008K) NonClass: 38478K(39504K)->38478K(39504K) Class: 4759K(5504K)->4759K(5504K)
[2025-07-08T19:02:55.548+0100][gc            ] GC(5) Pause Young (Normal) (G1 Evacuation Pause) 187M->143M(1024M) 11.859ms
[2025-07-08T19:02:55.548+0100][gc,cpu        ] GC(5) User=0.03s Sys=0.02s Real=0.01s
[2025-07-08T19:16:06.355+0100][gc,start      ] GC(6) Pause Young (Normal) (G1 Evacuation Pause)
[2025-07-08T19:16:06.355+0100][gc,task       ] GC(6) Using 4 workers of 4 for evacuation
[2025-07-08T19:16:06.399+0100][gc,mmu        ] GC(6) MMU target violated: 21.0ms (20.0ms/21.0ms)
[2025-07-08T19:16:06.399+0100][gc,phases     ] GC(6)   Pre Evacuate Collection Set: 0.1ms
[2025-07-08T19:16:06.399+0100][gc,phases     ] GC(6)   Evacuate Collection Set: 40.6ms
[2025-07-08T19:16:06.399+0100][gc,phases     ] GC(6)   Post Evacuate Collection Set: 1.8ms
[2025-07-08T19:16:06.399+0100][gc,phases     ] GC(6)   Other: 0.8ms
[2025-07-08T19:16:06.399+0100][gc,heap       ] GC(6) Eden regions: 44->0(49)
[2025-07-08T19:16:06.399+0100][gc,heap       ] GC(6) Survivor regions: 7->2(7)
[2025-07-08T19:16:06.399+0100][gc,heap       ] GC(6) Old regions: 8->15
[2025-07-08T19:16:06.400+0100][gc,heap       ] GC(6) Humongous regions: 129->129
[2025-07-08T19:16:06.400+0100][gc,metaspace  ] GC(6) Metaspace: 48687K(51024K)->48687K(51024K) NonClass: 42922K(44112K)->42922K(44112K) Class: 5765K(6912K)->5765K(6912K)
[2025-07-08T19:16:06.400+0100][gc            ] GC(6) Pause Young (Normal) (G1 Evacuation Pause) 187M->145M(1024M) 43.855ms
[2025-07-08T19:16:06.400+0100][gc,cpu        ] GC(6) User=0.16s Sys=0.03s Real=0.05s
