[2025-07-08T16:06:16.433+0100][gc,heap] Heap region size: 1M
[2025-07-08T16:06:16.463+0100][gc     ] Using G1
[2025-07-08T16:06:16.463+0100][gc,heap,coops] Heap address: 0x00000000c0000000, size: 1024 MB, Compressed Oops mode: 32-bit
[2025-07-08T16:06:19.077+0100][gc,start     ] GC(0) Pause Young (Concurrent Start) (Metadata GC Threshold)
[2025-07-08T16:06:19.077+0100][gc,task      ] GC(0) Using 4 workers of 4 for evacuation
[2025-07-08T16:06:19.096+0100][gc,phases    ] GC(0)   Pre Evacuate Collection Set: 0.0ms
[2025-07-08T16:06:19.096+0100][gc,phases    ] GC(0)   Evacuate Collection Set: 17.2ms
[2025-07-08T16:06:19.096+0100][gc,phases    ] GC(0)   Post Evacuate Collection Set: 0.6ms
[2025-07-08T16:06:19.096+0100][gc,phases    ] GC(0)   Other: 0.8ms
[2025-07-08T16:06:19.098+0100][gc,heap      ] GC(0) Eden regions: 47->0(44)
[2025-07-08T16:06:19.098+0100][gc,heap      ] GC(0) Survivor regions: 0->7(7)
[2025-07-08T16:06:19.098+0100][gc,heap      ] GC(0) Old regions: 0->1
[2025-07-08T16:06:19.098+0100][gc,heap      ] GC(0) Humongous regions: 0->0
[2025-07-08T16:06:19.098+0100][gc,metaspace ] GC(0) Metaspace: 20796K(21296K)->20796K(21296K) NonClass: 18580K(18864K)->18580K(18864K) Class: 2216K(2432K)->2216K(2432K)
[2025-07-08T16:06:19.098+0100][gc           ] GC(0) Pause Young (Concurrent Start) (Metadata GC Threshold) 46M->7M(1024M) 20.554ms
[2025-07-08T16:06:19.098+0100][gc,cpu       ] GC(0) User=0.02s Sys=0.05s Real=0.02s
[2025-07-08T16:06:19.098+0100][gc           ] GC(1) Concurrent Cycle
[2025-07-08T16:06:19.098+0100][gc,marking   ] GC(1) Concurrent Clear Claimed Marks
[2025-07-08T16:06:19.098+0100][gc,marking   ] GC(1) Concurrent Clear Claimed Marks 0.045ms
[2025-07-08T16:06:19.098+0100][gc,marking   ] GC(1) Concurrent Scan Root Regions
[2025-07-08T16:06:19.103+0100][gc,marking   ] GC(1) Concurrent Scan Root Regions 4.510ms
[2025-07-08T16:06:19.103+0100][gc,marking   ] GC(1) Concurrent Mark (2.692s)
[2025-07-08T16:06:19.103+0100][gc,marking   ] GC(1) Concurrent Mark From Roots
[2025-07-08T16:06:19.103+0100][gc,task      ] GC(1) Using 1 workers of 1 for marking
[2025-07-08T16:06:19.106+0100][gc,marking   ] GC(1) Concurrent Mark From Roots 2.903ms
[2025-07-08T16:06:19.106+0100][gc,marking   ] GC(1) Concurrent Preclean
[2025-07-08T16:06:19.106+0100][gc,marking   ] GC(1) Concurrent Preclean 0.153ms
[2025-07-08T16:06:19.106+0100][gc,marking   ] GC(1) Concurrent Mark (2.692s, 2.695s) 3.228ms
[2025-07-08T16:06:19.106+0100][gc,start     ] GC(1) Pause Remark
[2025-07-08T16:06:19.112+0100][gc,stringtable] GC(1) Cleaned string and symbol table, strings: 8284 processed, 0 removed, symbols: 66363 processed, 32 removed
[2025-07-08T16:06:19.112+0100][gc            ] GC(1) Pause Remark 7M->7M(1024M) 5.559ms
[2025-07-08T16:06:19.112+0100][gc,cpu        ] GC(1) User=0.00s Sys=0.00s Real=0.01s
[2025-07-08T16:06:19.112+0100][gc,marking    ] GC(1) Concurrent Rebuild Remembered Sets
[2025-07-08T16:06:19.112+0100][gc,marking    ] GC(1) Concurrent Rebuild Remembered Sets 0.406ms
[2025-07-08T16:06:19.112+0100][gc,start      ] GC(1) Pause Cleanup
[2025-07-08T16:06:19.112+0100][gc            ] GC(1) Pause Cleanup 7M->7M(1024M) 0.224ms
[2025-07-08T16:06:19.114+0100][gc,cpu        ] GC(1) User=0.00s Sys=0.00s Real=0.00s
[2025-07-08T16:06:19.114+0100][gc,marking    ] GC(1) Concurrent Cleanup for Next Mark
[2025-07-08T16:06:19.115+0100][gc,marking    ] GC(1) Concurrent Cleanup for Next Mark 2.725ms
[2025-07-08T16:06:19.115+0100][gc            ] GC(1) Concurrent Cycle 17.688ms
[2025-07-08T16:06:20.739+0100][gc,start      ] GC(2) Pause Young (Normal) (G1 Evacuation Pause)
[2025-07-08T16:06:20.739+0100][gc,task       ] GC(2) Using 4 workers of 4 for evacuation
[2025-07-08T16:06:20.759+0100][gc,phases     ] GC(2)   Pre Evacuate Collection Set: 0.0ms
[2025-07-08T16:06:20.759+0100][gc,phases     ] GC(2)   Evacuate Collection Set: 10.6ms
[2025-07-08T16:06:20.759+0100][gc,phases     ] GC(2)   Post Evacuate Collection Set: 0.7ms
[2025-07-08T16:06:20.759+0100][gc,phases     ] GC(2)   Other: 0.3ms
[2025-07-08T16:06:20.759+0100][gc,heap       ] GC(2) Eden regions: 44->0(49)
[2025-07-08T16:06:20.759+0100][gc,heap       ] GC(2) Survivor regions: 7->2(7)
[2025-07-08T16:06:20.759+0100][gc,heap       ] GC(2) Old regions: 1->8
[2025-07-08T16:06:20.759+0100][gc,heap       ] GC(2) Humongous regions: 0->0
[2025-07-08T16:06:20.759+0100][gc,metaspace  ] GC(2) Metaspace: 29843K(30640K)->29843K(30640K) NonClass: 26408K(26800K)->26408K(26800K) Class: 3435K(3840K)->3435K(3840K)
[2025-07-08T16:06:20.759+0100][gc            ] GC(2) Pause Young (Normal) (G1 Evacuation Pause) 51M->8M(1024M) 12.189ms
[2025-07-08T16:06:20.760+0100][gc,cpu        ] GC(2) User=0.05s Sys=0.00s Real=0.02s
[2025-07-08T16:06:21.925+0100][gc,start      ] GC(3) Pause Young (Concurrent Start) (Metadata GC Threshold)
[2025-07-08T16:06:21.925+0100][gc,task       ] GC(3) Using 4 workers of 4 for evacuation
[2025-07-08T16:06:21.931+0100][gc,phases     ] GC(3)   Pre Evacuate Collection Set: 0.0ms
[2025-07-08T16:06:21.931+0100][gc,phases     ] GC(3)   Evacuate Collection Set: 3.8ms
[2025-07-08T16:06:21.931+0100][gc,phases     ] GC(3)   Post Evacuate Collection Set: 0.4ms
[2025-07-08T16:06:21.931+0100][gc,phases     ] GC(3)   Other: 0.2ms
[2025-07-08T16:06:21.931+0100][gc,heap       ] GC(3) Eden regions: 36->0(48)
[2025-07-08T16:06:21.931+0100][gc,heap       ] GC(3) Survivor regions: 2->3(7)
[2025-07-08T16:06:21.931+0100][gc,heap       ] GC(3) Old regions: 8->8
[2025-07-08T16:06:21.931+0100][gc,heap       ] GC(3) Humongous regions: 129->129
[2025-07-08T16:06:21.931+0100][gc,metaspace  ] GC(3) Metaspace: 34916K(35920K)->34916K(35920K) NonClass: 31032K(31568K)->31032K(31568K) Class: 3884K(4352K)->3884K(4352K)
[2025-07-08T16:06:21.931+0100][gc            ] GC(3) Pause Young (Concurrent Start) (Metadata GC Threshold) 173M->138M(1024M) 4.659ms
[2025-07-08T16:06:21.931+0100][gc,cpu        ] GC(3) User=0.00s Sys=0.00s Real=0.01s
[2025-07-08T16:06:21.931+0100][gc            ] GC(4) Concurrent Cycle
[2025-07-08T16:06:21.931+0100][gc,marking    ] GC(4) Concurrent Clear Claimed Marks
[2025-07-08T16:06:21.931+0100][gc,marking    ] GC(4) Concurrent Clear Claimed Marks 0.067ms
[2025-07-08T16:06:21.931+0100][gc,marking    ] GC(4) Concurrent Scan Root Regions
[2025-07-08T16:06:21.934+0100][gc,marking    ] GC(4) Concurrent Scan Root Regions 2.269ms
[2025-07-08T16:06:21.934+0100][gc,marking    ] GC(4) Concurrent Mark (5.524s)
[2025-07-08T16:06:21.934+0100][gc,marking    ] GC(4) Concurrent Mark From Roots
[2025-07-08T16:06:21.934+0100][gc,task       ] GC(4) Using 1 workers of 1 for marking
[2025-07-08T16:06:21.952+0100][gc,marking    ] GC(4) Concurrent Mark From Roots 16.477ms
[2025-07-08T16:06:21.952+0100][gc,marking    ] GC(4) Concurrent Preclean
[2025-07-08T16:06:21.952+0100][gc,marking    ] GC(4) Concurrent Preclean 0.159ms
[2025-07-08T16:06:21.952+0100][gc,marking    ] GC(4) Concurrent Mark (5.524s, 5.541s) 16.749ms
[2025-07-08T16:06:21.952+0100][gc,start      ] GC(4) Pause Remark
[2025-07-08T16:06:21.956+0100][gc,stringtable] GC(4) Cleaned string and symbol table, strings: 11776 processed, 11 removed, symbols: 100273 processed, 23 removed
[2025-07-08T16:06:21.956+0100][gc            ] GC(4) Pause Remark 140M->140M(1024M) 3.441ms
[2025-07-08T16:06:21.956+0100][gc,cpu        ] GC(4) User=0.00s Sys=0.00s Real=0.00s
[2025-07-08T16:06:21.956+0100][gc,marking    ] GC(4) Concurrent Rebuild Remembered Sets
[2025-07-08T16:06:21.957+0100][gc,marking    ] GC(4) Concurrent Rebuild Remembered Sets 7.786ms
[2025-07-08T16:06:21.957+0100][gc,start      ] GC(4) Pause Cleanup
[2025-07-08T16:06:21.957+0100][gc            ] GC(4) Pause Cleanup 140M->140M(1024M) 0.136ms
[2025-07-08T16:06:21.957+0100][gc,cpu        ] GC(4) User=0.00s Sys=0.00s Real=0.00s
[2025-07-08T16:06:21.957+0100][gc,marking    ] GC(4) Concurrent Cleanup for Next Mark
[2025-07-08T16:06:21.966+0100][gc,marking    ] GC(4) Concurrent Cleanup for Next Mark 2.446ms
[2025-07-08T16:06:21.966+0100][gc            ] GC(4) Concurrent Cycle 33.629ms
[2025-07-08T16:06:22.903+0100][gc,start      ] GC(5) Pause Young (Normal) (G1 Evacuation Pause)
[2025-07-08T16:06:22.903+0100][gc,task       ] GC(5) Using 4 workers of 4 for evacuation
[2025-07-08T16:06:22.916+0100][gc,phases     ] GC(5)   Pre Evacuate Collection Set: 0.0ms
[2025-07-08T16:06:22.916+0100][gc,phases     ] GC(5)   Evacuate Collection Set: 11.4ms
[2025-07-08T16:06:22.916+0100][gc,phases     ] GC(5)   Post Evacuate Collection Set: 0.7ms
[2025-07-08T16:06:22.916+0100][gc,phases     ] GC(5)   Other: 0.4ms
[2025-07-08T16:06:22.916+0100][gc,heap       ] GC(5) Eden regions: 48->0(44)
[2025-07-08T16:06:22.916+0100][gc,heap       ] GC(5) Survivor regions: 3->7(7)
[2025-07-08T16:06:22.916+0100][gc,heap       ] GC(5) Old regions: 8->8
[2025-07-08T16:06:22.916+0100][gc,heap       ] GC(5) Humongous regions: 129->129
[2025-07-08T16:06:22.916+0100][gc,metaspace  ] GC(5) Metaspace: 43210K(44624K)->43210K(44624K) NonClass: 38458K(39248K)->38458K(39248K) Class: 4752K(5376K)->4752K(5376K)
[2025-07-08T16:06:22.916+0100][gc            ] GC(5) Pause Young (Normal) (G1 Evacuation Pause) 186M->143M(1024M) 12.909ms
[2025-07-08T16:06:22.916+0100][gc,cpu        ] GC(5) User=0.06s Sys=0.00s Real=0.01s
[2025-07-08T16:18:41.245+0100][gc,start      ] GC(6) Pause Young (Normal) (G1 Evacuation Pause)
[2025-07-08T16:18:41.245+0100][gc,task       ] GC(6) Using 4 workers of 4 for evacuation
[2025-07-08T16:18:41.271+0100][gc,mmu        ] GC(6) MMU target violated: 21.0ms (20.0ms/21.0ms)
[2025-07-08T16:18:41.271+0100][gc,phases     ] GC(6)   Pre Evacuate Collection Set: 0.1ms
[2025-07-08T16:18:41.271+0100][gc,phases     ] GC(6)   Evacuate Collection Set: 24.1ms
[2025-07-08T16:18:41.271+0100][gc,phases     ] GC(6)   Post Evacuate Collection Set: 1.1ms
[2025-07-08T16:18:41.271+0100][gc,phases     ] GC(6)   Other: 0.6ms
[2025-07-08T16:18:41.271+0100][gc,heap       ] GC(6) Eden regions: 44->0(48)
[2025-07-08T16:18:41.273+0100][gc,heap       ] GC(6) Survivor regions: 7->3(7)
[2025-07-08T16:18:41.273+0100][gc,heap       ] GC(6) Old regions: 8->15
[2025-07-08T16:18:41.273+0100][gc,heap       ] GC(6) Humongous regions: 129->129
[2025-07-08T16:18:41.273+0100][gc,metaspace  ] GC(6) Metaspace: 48663K(51024K)->48663K(51024K) NonClass: 42899K(44112K)->42899K(44112K) Class: 5764K(6912K)->5764K(6912K)
[2025-07-08T16:18:41.273+0100][gc            ] GC(6) Pause Young (Normal) (G1 Evacuation Pause) 187M->145M(1024M) 26.660ms
[2025-07-08T16:18:41.273+0100][gc,cpu        ] GC(6) User=0.11s Sys=0.02s Real=0.03s
[2025-07-08T16:55:06.670+0100][gc,start      ] GC(7) Pause Young (Normal) (G1 Evacuation Pause)
[2025-07-08T16:55:06.670+0100][gc,task       ] GC(7) Using 4 workers of 4 for evacuation
[2025-07-08T16:55:06.703+0100][gc,mmu        ] GC(7) MMU target violated: 21.0ms (20.0ms/21.0ms)
[2025-07-08T16:55:06.703+0100][gc,phases     ] GC(7)   Pre Evacuate Collection Set: 0.7ms
[2025-07-08T16:55:06.703+0100][gc,phases     ] GC(7)   Evacuate Collection Set: 28.1ms
[2025-07-08T16:55:06.703+0100][gc,phases     ] GC(7)   Post Evacuate Collection Set: 2.7ms
[2025-07-08T16:55:06.705+0100][gc,phases     ] GC(7)   Other: 1.4ms
[2025-07-08T16:55:06.705+0100][gc,heap       ] GC(7) Eden regions: 48->0(48)
[2025-07-08T16:55:06.705+0100][gc,heap       ] GC(7) Survivor regions: 3->3(7)
[2025-07-08T16:55:06.705+0100][gc,heap       ] GC(7) Old regions: 15->15
[2025-07-08T16:55:06.705+0100][gc,heap       ] GC(7) Humongous regions: 129->129
[2025-07-08T16:55:06.705+0100][gc,metaspace  ] GC(7) Metaspace: 49627K(52048K)->49627K(52048K) NonClass: 43862K(45136K)->43862K(45136K) Class: 5765K(6912K)->5765K(6912K)
[2025-07-08T16:55:06.705+0100][gc            ] GC(7) Pause Young (Normal) (G1 Evacuation Pause) 193M->145M(1024M) 33.684ms
[2025-07-08T16:55:06.705+0100][gc,cpu        ] GC(7) User=0.09s Sys=0.02s Real=0.03s
