[2025-07-10T18:28:33.945+0100][gc,heap] Heap region size: 1M
[2025-07-10T18:28:33.958+0100][gc     ] Using G1
[2025-07-10T18:28:33.958+0100][gc,heap,coops] Heap address: 0x00000000c0000000, size: 1024 MB, Compressed Oops mode: 32-bit
[2025-07-10T18:28:35.782+0100][gc,start     ] GC(0) Pause Young (Concurrent Start) (Metadata GC Threshold)
[2025-07-10T18:28:35.782+0100][gc,task      ] GC(0) Using 4 workers of 4 for evacuation
[2025-07-10T18:28:35.793+0100][gc,phases    ] GC(0)   Pre Evacuate Collection Set: 0.0ms
[2025-07-10T18:28:35.793+0100][gc,phases    ] GC(0)   Evacuate Collection Set: 10.4ms
[2025-07-10T18:28:35.793+0100][gc,phases    ] GC(0)   Post Evacuate Collection Set: 0.7ms
[2025-07-10T18:28:35.793+0100][gc,phases    ] GC(0)   Other: 0.8ms
[2025-07-10T18:28:35.796+0100][gc,heap      ] GC(0) Eden regions: 47->0(44)
[2025-07-10T18:28:35.796+0100][gc,heap      ] GC(0) Survivor regions: 0->7(7)
[2025-07-10T18:28:35.796+0100][gc,heap      ] GC(0) Old regions: 0->1
[2025-07-10T18:28:35.796+0100][gc,heap      ] GC(0) Humongous regions: 0->0
[2025-07-10T18:28:35.796+0100][gc,metaspace ] GC(0) Metaspace: 20787K(21296K)->20787K(21296K) NonClass: 18570K(18864K)->18570K(18864K) Class: 2216K(2432K)->2216K(2432K)
[2025-07-10T18:28:35.796+0100][gc           ] GC(0) Pause Young (Concurrent Start) (Metadata GC Threshold) 47M->7M(1024M) 14.247ms
[2025-07-10T18:28:35.796+0100][gc,cpu       ] GC(0) User=0.02s Sys=0.05s Real=0.01s
[2025-07-10T18:28:35.796+0100][gc           ] GC(1) Concurrent Cycle
[2025-07-10T18:28:35.796+0100][gc,marking   ] GC(1) Concurrent Clear Claimed Marks
[2025-07-10T18:28:35.796+0100][gc,marking   ] GC(1) Concurrent Clear Claimed Marks 0.068ms
[2025-07-10T18:28:35.796+0100][gc,marking   ] GC(1) Concurrent Scan Root Regions
[2025-07-10T18:28:35.800+0100][gc,marking   ] GC(1) Concurrent Scan Root Regions 3.810ms
[2025-07-10T18:28:35.800+0100][gc,marking   ] GC(1) Concurrent Mark (1.874s)
[2025-07-10T18:28:35.800+0100][gc,marking   ] GC(1) Concurrent Mark From Roots
[2025-07-10T18:28:35.800+0100][gc,task      ] GC(1) Using 1 workers of 1 for marking
[2025-07-10T18:28:35.803+0100][gc,marking   ] GC(1) Concurrent Mark From Roots 3.599ms
[2025-07-10T18:28:35.803+0100][gc,marking   ] GC(1) Concurrent Preclean
[2025-07-10T18:28:35.804+0100][gc,marking   ] GC(1) Concurrent Preclean 0.144ms
[2025-07-10T18:28:35.804+0100][gc,marking   ] GC(1) Concurrent Mark (1.874s, 1.877s) 3.909ms
[2025-07-10T18:28:35.804+0100][gc,start     ] GC(1) Pause Remark
[2025-07-10T18:28:35.806+0100][gc,stringtable] GC(1) Cleaned string and symbol table, strings: 8279 processed, 0 removed, symbols: 66366 processed, 32 removed
[2025-07-10T18:28:35.806+0100][gc            ] GC(1) Pause Remark 8M->8M(1024M) 2.983ms
[2025-07-10T18:28:35.806+0100][gc,cpu        ] GC(1) User=0.00s Sys=0.00s Real=0.00s
[2025-07-10T18:28:35.806+0100][gc,marking    ] GC(1) Concurrent Rebuild Remembered Sets
[2025-07-10T18:28:35.807+0100][gc,marking    ] GC(1) Concurrent Rebuild Remembered Sets 0.930ms
[2025-07-10T18:28:35.808+0100][gc,start      ] GC(1) Pause Cleanup
[2025-07-10T18:28:35.808+0100][gc            ] GC(1) Pause Cleanup 8M->8M(1024M) 0.269ms
[2025-07-10T18:28:35.808+0100][gc,cpu        ] GC(1) User=0.00s Sys=0.00s Real=0.00s
[2025-07-10T18:28:35.808+0100][gc,marking    ] GC(1) Concurrent Cleanup for Next Mark
[2025-07-10T18:28:35.812+0100][gc,marking    ] GC(1) Concurrent Cleanup for Next Mark 3.698ms
[2025-07-10T18:28:35.812+0100][gc            ] GC(1) Concurrent Cycle 16.648ms
[2025-07-10T18:28:36.849+0100][gc,start      ] GC(2) Pause Young (Normal) (G1 Evacuation Pause)
[2025-07-10T18:28:36.849+0100][gc,task       ] GC(2) Using 4 workers of 4 for evacuation
[2025-07-10T18:28:36.859+0100][gc,phases     ] GC(2)   Pre Evacuate Collection Set: 0.0ms
[2025-07-10T18:28:36.859+0100][gc,phases     ] GC(2)   Evacuate Collection Set: 10.2ms
[2025-07-10T18:28:36.859+0100][gc,phases     ] GC(2)   Post Evacuate Collection Set: 0.5ms
[2025-07-10T18:28:36.859+0100][gc,phases     ] GC(2)   Other: 0.2ms
[2025-07-10T18:28:36.859+0100][gc,heap       ] GC(2) Eden regions: 44->0(49)
[2025-07-10T18:28:36.860+0100][gc,heap       ] GC(2) Survivor regions: 7->2(7)
[2025-07-10T18:28:36.860+0100][gc,heap       ] GC(2) Old regions: 1->8
[2025-07-10T18:28:36.860+0100][gc,heap       ] GC(2) Humongous regions: 0->0
[2025-07-10T18:28:36.860+0100][gc,metaspace  ] GC(2) Metaspace: 29669K(30640K)->29669K(30640K) NonClass: 26267K(26800K)->26267K(26800K) Class: 3402K(3840K)->3402K(3840K)
[2025-07-10T18:28:36.860+0100][gc            ] GC(2) Pause Young (Normal) (G1 Evacuation Pause) 51M->8M(1024M) 11.328ms
[2025-07-10T18:28:36.860+0100][gc,cpu        ] GC(2) User=0.00s Sys=0.00s Real=0.01s
[2025-07-10T18:28:37.639+0100][gc,start      ] GC(3) Pause Young (Concurrent Start) (Metadata GC Threshold)
[2025-07-10T18:28:37.639+0100][gc,task       ] GC(3) Using 4 workers of 4 for evacuation
[2025-07-10T18:28:37.642+0100][gc,phases     ] GC(3)   Pre Evacuate Collection Set: 0.0ms
[2025-07-10T18:28:37.642+0100][gc,phases     ] GC(3)   Evacuate Collection Set: 3.8ms
[2025-07-10T18:28:37.642+0100][gc,phases     ] GC(3)   Post Evacuate Collection Set: 0.4ms
[2025-07-10T18:28:37.644+0100][gc,phases     ] GC(3)   Other: 0.2ms
[2025-07-10T18:28:37.644+0100][gc,heap       ] GC(3) Eden regions: 30->0(48)
[2025-07-10T18:28:37.644+0100][gc,heap       ] GC(3) Survivor regions: 2->3(7)
[2025-07-10T18:28:37.644+0100][gc,heap       ] GC(3) Old regions: 8->8
[2025-07-10T18:28:37.644+0100][gc,heap       ] GC(3) Humongous regions: 129->129
[2025-07-10T18:28:37.644+0100][gc,metaspace  ] GC(3) Metaspace: 34969K(35920K)->34969K(35920K) NonClass: 31086K(31568K)->31086K(31568K) Class: 3883K(4352K)->3883K(4352K)
[2025-07-10T18:28:37.644+0100][gc            ] GC(3) Pause Young (Concurrent Start) (Metadata GC Threshold) 167M->138M(1024M) 4.621ms
[2025-07-10T18:28:37.644+0100][gc,cpu        ] GC(3) User=0.06s Sys=0.00s Real=0.01s
[2025-07-10T18:28:37.644+0100][gc            ] GC(4) Concurrent Cycle
[2025-07-10T18:28:37.644+0100][gc,marking    ] GC(4) Concurrent Clear Claimed Marks
[2025-07-10T18:28:37.644+0100][gc,marking    ] GC(4) Concurrent Clear Claimed Marks 0.064ms
[2025-07-10T18:28:37.644+0100][gc,marking    ] GC(4) Concurrent Scan Root Regions
[2025-07-10T18:28:37.647+0100][gc,marking    ] GC(4) Concurrent Scan Root Regions 3.486ms
[2025-07-10T18:28:37.647+0100][gc,marking    ] GC(4) Concurrent Mark (3.721s)
[2025-07-10T18:28:37.647+0100][gc,marking    ] GC(4) Concurrent Mark From Roots
[2025-07-10T18:28:37.647+0100][gc,task       ] GC(4) Using 1 workers of 1 for marking
[2025-07-10T18:28:37.661+0100][gc,marking    ] GC(4) Concurrent Mark From Roots 13.543ms
[2025-07-10T18:28:37.661+0100][gc,marking    ] GC(4) Concurrent Preclean
[2025-07-10T18:28:37.661+0100][gc,marking    ] GC(4) Concurrent Preclean 0.190ms
[2025-07-10T18:28:37.661+0100][gc,marking    ] GC(4) Concurrent Mark (3.721s, 3.735s) 13.845ms
[2025-07-10T18:28:37.662+0100][gc,start      ] GC(4) Pause Remark
[2025-07-10T18:28:37.664+0100][gc,stringtable] GC(4) Cleaned string and symbol table, strings: 11725 processed, 11 removed, symbols: 100510 processed, 24 removed
[2025-07-10T18:28:37.665+0100][gc            ] GC(4) Pause Remark 140M->140M(1024M) 3.245ms
[2025-07-10T18:28:37.665+0100][gc,cpu        ] GC(4) User=0.00s Sys=0.00s Real=0.00s
[2025-07-10T18:28:37.665+0100][gc,marking    ] GC(4) Concurrent Rebuild Remembered Sets
[2025-07-10T18:28:37.672+0100][gc,marking    ] GC(4) Concurrent Rebuild Remembered Sets 8.233ms
[2025-07-10T18:28:37.672+0100][gc,start      ] GC(4) Pause Cleanup
[2025-07-10T18:28:37.672+0100][gc            ] GC(4) Pause Cleanup 141M->141M(1024M) 0.172ms
[2025-07-10T18:28:37.672+0100][gc,cpu        ] GC(4) User=0.00s Sys=0.00s Real=0.00s
[2025-07-10T18:28:37.672+0100][gc,marking    ] GC(4) Concurrent Cleanup for Next Mark
[2025-07-10T18:28:37.676+0100][gc,marking    ] GC(4) Concurrent Cleanup for Next Mark 2.504ms
[2025-07-10T18:28:37.676+0100][gc            ] GC(4) Concurrent Cycle 32.358ms
[2025-07-10T18:28:38.558+0100][gc,start      ] GC(5) Pause Young (Normal) (G1 Evacuation Pause)
[2025-07-10T18:28:38.558+0100][gc,task       ] GC(5) Using 4 workers of 4 for evacuation
[2025-07-10T18:28:38.572+0100][gc,phases     ] GC(5)   Pre Evacuate Collection Set: 0.1ms
[2025-07-10T18:28:38.572+0100][gc,phases     ] GC(5)   Evacuate Collection Set: 11.9ms
[2025-07-10T18:28:38.572+0100][gc,phases     ] GC(5)   Post Evacuate Collection Set: 0.8ms
[2025-07-10T18:28:38.572+0100][gc,phases     ] GC(5)   Other: 0.4ms
[2025-07-10T18:28:38.572+0100][gc,heap       ] GC(5) Eden regions: 48->0(44)
[2025-07-10T18:28:38.572+0100][gc,heap       ] GC(5) Survivor regions: 3->7(7)
[2025-07-10T18:28:38.572+0100][gc,heap       ] GC(5) Old regions: 8->8
[2025-07-10T18:28:38.572+0100][gc,heap       ] GC(5) Humongous regions: 129->129
[2025-07-10T18:28:38.573+0100][gc,metaspace  ] GC(5) Metaspace: 43186K(44752K)->43186K(44752K) NonClass: 38407K(39248K)->38407K(39248K) Class: 4779K(5504K)->4779K(5504K)
[2025-07-10T18:28:38.573+0100][gc            ] GC(5) Pause Young (Normal) (G1 Evacuation Pause) 186M->143M(1024M) 13.505ms
[2025-07-10T18:28:38.573+0100][gc,cpu        ] GC(5) User=0.03s Sys=0.03s Real=0.01s
[2025-07-10T18:32:08.055+0100][gc,heap,exit  ] Heap
[2025-07-10T18:32:08.055+0100][gc,heap,exit  ]  garbage-first heap   total 1048576K, used 185529K [0x00000000c0000000, 0x0000000100000000)
[2025-07-10T18:32:08.055+0100][gc,heap,exit  ]   region size 1024K, 47 young (48128K), 7 survivors (7168K)
[2025-07-10T18:32:08.055+0100][gc,heap,exit  ]  Metaspace       used 48993K, capacity 51303K, committed 51536K, reserved 1093632K
[2025-07-10T18:32:08.055+0100][gc,heap,exit  ]   class space    used 5974K, capacity 7127K, committed 7168K, reserved 1048576K
