[2025-07-10T18:09:39.595+0100][gc,heap] Heap region size: 1M
[2025-07-10T18:09:39.616+0100][gc     ] Using G1
[2025-07-10T18:09:39.616+0100][gc,heap,coops] Heap address: 0x00000000c0000000, size: 1024 MB, Compressed Oops mode: 32-bit
[2025-07-10T18:09:41.598+0100][gc,start     ] GC(0) Pause Young (Concurrent Start) (Metadata GC Threshold)
[2025-07-10T18:09:41.598+0100][gc,task      ] GC(0) Using 4 workers of 4 for evacuation
[2025-07-10T18:09:41.622+0100][gc,mmu       ] GC(0) MMU target violated: 21.0ms (20.0ms/21.0ms)
[2025-07-10T18:09:41.622+0100][gc,phases    ] GC(0)   Pre Evacuate Collection Set: 0.1ms
[2025-07-10T18:09:41.622+0100][gc,phases    ] GC(0)   Evacuate Collection Set: 23.3ms
[2025-07-10T18:09:41.622+0100][gc,phases    ] GC(0)   Post Evacuate Collection Set: 0.7ms
[2025-07-10T18:09:41.623+0100][gc,phases    ] GC(0)   Other: 1.2ms
[2025-07-10T18:09:41.623+0100][gc,heap      ] GC(0) Eden regions: 47->0(44)
[2025-07-10T18:09:41.623+0100][gc,heap      ] GC(0) Survivor regions: 0->7(7)
[2025-07-10T18:09:41.623+0100][gc,heap      ] GC(0) Old regions: 0->1
[2025-07-10T18:09:41.623+0100][gc,heap      ] GC(0) Humongous regions: 0->0
[2025-07-10T18:09:41.623+0100][gc,metaspace ] GC(0) Metaspace: 20790K(21296K)->20790K(21296K) NonClass: 18574K(18864K)->18574K(18864K) Class: 2215K(2432K)->2215K(2432K)
[2025-07-10T18:09:41.623+0100][gc           ] GC(0) Pause Young (Concurrent Start) (Metadata GC Threshold) 47M->7M(1024M) 25.830ms
[2025-07-10T18:09:41.623+0100][gc,cpu       ] GC(0) User=0.02s Sys=0.02s Real=0.02s
[2025-07-10T18:09:41.623+0100][gc           ] GC(1) Concurrent Cycle
[2025-07-10T18:09:41.624+0100][gc,marking   ] GC(1) Concurrent Clear Claimed Marks
[2025-07-10T18:09:41.624+0100][gc,marking   ] GC(1) Concurrent Clear Claimed Marks 0.053ms
[2025-07-10T18:09:41.624+0100][gc,marking   ] GC(1) Concurrent Scan Root Regions
[2025-07-10T18:09:41.629+0100][gc,marking   ] GC(1) Concurrent Scan Root Regions 4.759ms
[2025-07-10T18:09:41.629+0100][gc,marking   ] GC(1) Concurrent Mark (2.053s)
[2025-07-10T18:09:41.629+0100][gc,marking   ] GC(1) Concurrent Mark From Roots
[2025-07-10T18:09:41.629+0100][gc,task      ] GC(1) Using 1 workers of 1 for marking
[2025-07-10T18:09:41.633+0100][gc,marking   ] GC(1) Concurrent Mark From Roots 3.651ms
[2025-07-10T18:09:41.633+0100][gc,marking   ] GC(1) Concurrent Preclean
[2025-07-10T18:09:41.633+0100][gc,marking   ] GC(1) Concurrent Preclean 0.138ms
[2025-07-10T18:09:41.633+0100][gc,marking   ] GC(1) Concurrent Mark (2.053s, 2.057s) 3.940ms
[2025-07-10T18:09:41.634+0100][gc,start     ] GC(1) Pause Remark
[2025-07-10T18:09:41.637+0100][gc,stringtable] GC(1) Cleaned string and symbol table, strings: 8268 processed, 0 removed, symbols: 66363 processed, 32 removed
[2025-07-10T18:09:41.637+0100][gc            ] GC(1) Pause Remark 7M->7M(1024M) 3.189ms
[2025-07-10T18:09:41.637+0100][gc,cpu        ] GC(1) User=0.00s Sys=0.00s Real=0.00s
[2025-07-10T18:09:41.637+0100][gc,marking    ] GC(1) Concurrent Rebuild Remembered Sets
[2025-07-10T18:09:41.638+0100][gc,marking    ] GC(1) Concurrent Rebuild Remembered Sets 0.984ms
[2025-07-10T18:09:41.638+0100][gc,start      ] GC(1) Pause Cleanup
[2025-07-10T18:09:41.639+0100][gc            ] GC(1) Pause Cleanup 7M->7M(1024M) 0.342ms
[2025-07-10T18:09:41.639+0100][gc,cpu        ] GC(1) User=0.00s Sys=0.00s Real=0.00s
[2025-07-10T18:09:41.639+0100][gc,marking    ] GC(1) Concurrent Cleanup for Next Mark
[2025-07-10T18:09:41.643+0100][gc,marking    ] GC(1) Concurrent Cleanup for Next Mark 3.053ms
[2025-07-10T18:09:41.643+0100][gc            ] GC(1) Concurrent Cycle 18.297ms
[2025-07-10T18:09:42.738+0100][gc,start      ] GC(2) Pause Young (Normal) (G1 Evacuation Pause)
[2025-07-10T18:09:42.738+0100][gc,task       ] GC(2) Using 4 workers of 4 for evacuation
[2025-07-10T18:09:42.750+0100][gc,phases     ] GC(2)   Pre Evacuate Collection Set: 0.0ms
[2025-07-10T18:09:42.750+0100][gc,phases     ] GC(2)   Evacuate Collection Set: 9.3ms
[2025-07-10T18:09:42.750+0100][gc,phases     ] GC(2)   Post Evacuate Collection Set: 0.5ms
[2025-07-10T18:09:42.750+0100][gc,phases     ] GC(2)   Other: 0.4ms
[2025-07-10T18:09:42.750+0100][gc,heap       ] GC(2) Eden regions: 44->0(49)
[2025-07-10T18:09:42.750+0100][gc,heap       ] GC(2) Survivor regions: 7->2(7)
[2025-07-10T18:09:42.750+0100][gc,heap       ] GC(2) Old regions: 1->8
[2025-07-10T18:09:42.750+0100][gc,heap       ] GC(2) Humongous regions: 0->0
[2025-07-10T18:09:42.750+0100][gc,metaspace  ] GC(2) Metaspace: 29806K(30896K)->29806K(30896K) NonClass: 26384K(27056K)->26384K(27056K) Class: 3422K(3840K)->3422K(3840K)
[2025-07-10T18:09:42.750+0100][gc            ] GC(2) Pause Young (Normal) (G1 Evacuation Pause) 51M->8M(1024M) 10.519ms
[2025-07-10T18:09:42.750+0100][gc,cpu        ] GC(2) User=0.00s Sys=0.00s Real=0.01s
[2025-07-10T18:09:43.715+0100][gc,start      ] GC(3) Pause Young (Concurrent Start) (Metadata GC Threshold)
[2025-07-10T18:09:43.715+0100][gc,task       ] GC(3) Using 4 workers of 4 for evacuation
[2025-07-10T18:09:43.719+0100][gc,phases     ] GC(3)   Pre Evacuate Collection Set: 0.0ms
[2025-07-10T18:09:43.719+0100][gc,phases     ] GC(3)   Evacuate Collection Set: 4.3ms
[2025-07-10T18:09:43.719+0100][gc,phases     ] GC(3)   Post Evacuate Collection Set: 0.4ms
[2025-07-10T18:09:43.719+0100][gc,phases     ] GC(3)   Other: 0.3ms
[2025-07-10T18:09:43.719+0100][gc,heap       ] GC(3) Eden regions: 29->0(48)
[2025-07-10T18:09:43.719+0100][gc,heap       ] GC(3) Survivor regions: 2->3(7)
[2025-07-10T18:09:43.719+0100][gc,heap       ] GC(3) Old regions: 8->8
[2025-07-10T18:09:43.719+0100][gc,heap       ] GC(3) Humongous regions: 129->129
[2025-07-10T18:09:43.719+0100][gc,metaspace  ] GC(3) Metaspace: 34964K(35920K)->34964K(35920K) NonClass: 31081K(31568K)->31081K(31568K) Class: 3882K(4352K)->3882K(4352K)
[2025-07-10T18:09:43.719+0100][gc            ] GC(3) Pause Young (Concurrent Start) (Metadata GC Threshold) 166M->139M(1024M) 5.264ms
[2025-07-10T18:09:43.719+0100][gc,cpu        ] GC(3) User=0.00s Sys=0.00s Real=0.00s
[2025-07-10T18:09:43.719+0100][gc            ] GC(4) Concurrent Cycle
[2025-07-10T18:09:43.719+0100][gc,marking    ] GC(4) Concurrent Clear Claimed Marks
[2025-07-10T18:09:43.719+0100][gc,marking    ] GC(4) Concurrent Clear Claimed Marks 0.068ms
[2025-07-10T18:09:43.719+0100][gc,marking    ] GC(4) Concurrent Scan Root Regions
[2025-07-10T18:09:43.724+0100][gc,marking    ] GC(4) Concurrent Scan Root Regions 3.562ms
[2025-07-10T18:09:43.724+0100][gc,marking    ] GC(4) Concurrent Mark (4.148s)
[2025-07-10T18:09:43.724+0100][gc,marking    ] GC(4) Concurrent Mark From Roots
[2025-07-10T18:09:43.724+0100][gc,task       ] GC(4) Using 1 workers of 1 for marking
[2025-07-10T18:09:43.731+0100][gc,marking    ] GC(4) Concurrent Mark From Roots 12.402ms
[2025-07-10T18:09:43.731+0100][gc,marking    ] GC(4) Concurrent Preclean
[2025-07-10T18:09:43.731+0100][gc,marking    ] GC(4) Concurrent Preclean 0.164ms
[2025-07-10T18:09:43.731+0100][gc,marking    ] GC(4) Concurrent Mark (4.148s, 4.160s) 12.678ms
[2025-07-10T18:09:43.731+0100][gc,start      ] GC(4) Pause Remark
[2025-07-10T18:09:43.740+0100][gc,stringtable] GC(4) Cleaned string and symbol table, strings: 11687 processed, 11 removed, symbols: 100431 processed, 24 removed
[2025-07-10T18:09:43.740+0100][gc            ] GC(4) Pause Remark 140M->140M(1024M) 3.529ms
[2025-07-10T18:09:43.740+0100][gc,cpu        ] GC(4) User=0.00s Sys=0.00s Real=0.01s
[2025-07-10T18:09:43.740+0100][gc,marking    ] GC(4) Concurrent Rebuild Remembered Sets
[2025-07-10T18:09:43.741+0100][gc,marking    ] GC(4) Concurrent Rebuild Remembered Sets 5.191ms
[2025-07-10T18:09:43.741+0100][gc,start      ] GC(4) Pause Cleanup
[2025-07-10T18:09:43.747+0100][gc            ] GC(4) Pause Cleanup 140M->140M(1024M) 0.210ms
[2025-07-10T18:09:43.747+0100][gc,cpu        ] GC(4) User=0.00s Sys=0.00s Real=0.01s
[2025-07-10T18:09:43.747+0100][gc,marking    ] GC(4) Concurrent Cleanup for Next Mark
[2025-07-10T18:09:43.749+0100][gc,marking    ] GC(4) Concurrent Cleanup for Next Mark 2.636ms
[2025-07-10T18:09:43.749+0100][gc            ] GC(4) Concurrent Cycle 29.278ms
[2025-07-10T18:09:44.937+0100][gc,start      ] GC(5) Pause Young (Normal) (G1 Evacuation Pause)
[2025-07-10T18:09:44.937+0100][gc,task       ] GC(5) Using 4 workers of 4 for evacuation
[2025-07-10T18:09:44.950+0100][gc,phases     ] GC(5)   Pre Evacuate Collection Set: 0.1ms
[2025-07-10T18:09:44.950+0100][gc,phases     ] GC(5)   Evacuate Collection Set: 12.4ms
[2025-07-10T18:09:44.950+0100][gc,phases     ] GC(5)   Post Evacuate Collection Set: 0.6ms
[2025-07-10T18:09:44.950+0100][gc,phases     ] GC(5)   Other: 0.5ms
[2025-07-10T18:09:44.950+0100][gc,heap       ] GC(5) Eden regions: 48->0(44)
[2025-07-10T18:09:44.950+0100][gc,heap       ] GC(5) Survivor regions: 3->7(7)
[2025-07-10T18:09:44.950+0100][gc,heap       ] GC(5) Old regions: 8->8
[2025-07-10T18:09:44.950+0100][gc,heap       ] GC(5) Humongous regions: 129->129
[2025-07-10T18:09:44.950+0100][gc,metaspace  ] GC(5) Metaspace: 43336K(44752K)->43336K(44752K) NonClass: 38522K(39248K)->38522K(39248K) Class: 4814K(5504K)->4814K(5504K)
[2025-07-10T18:09:44.950+0100][gc            ] GC(5) Pause Young (Normal) (G1 Evacuation Pause) 187M->143M(1024M) 13.872ms
[2025-07-10T18:09:44.950+0100][gc,cpu        ] GC(5) User=0.02s Sys=0.02s Real=0.01s
[2025-07-10T18:14:55.520+0100][gc,heap,exit  ] Heap
[2025-07-10T18:14:55.521+0100][gc,heap,exit  ]  garbage-first heap   total 1048576K, used 187718K [0x00000000c0000000, 0x0000000100000000)
[2025-07-10T18:14:55.521+0100][gc,heap,exit  ]   region size 1024K, 49 young (50176K), 7 survivors (7168K)
[2025-07-10T18:14:55.521+0100][gc,heap,exit  ]  Metaspace       used 49080K, capacity 51369K, committed 51536K, reserved 1093632K
[2025-07-10T18:14:55.521+0100][gc,heap,exit  ]   class space    used 5973K, capacity 7127K, committed 7168K, reserved 1048576K
