[2025-07-10T12:28:41.465+0100][gc,heap] Heap region size: 1M
[2025-07-10T12:28:41.483+0100][gc     ] Using G1
[2025-07-10T12:28:41.483+0100][gc,heap,coops] Heap address: 0x00000000c0000000, size: 1024 MB, Compressed Oops mode: 32-bit
[2025-07-10T12:28:43.175+0100][gc,start     ] GC(0) Pause Young (Concurrent Start) (Metadata GC Threshold)
[2025-07-10T12:28:43.175+0100][gc,task      ] GC(0) Using 4 workers of 4 for evacuation
[2025-07-10T12:28:43.190+0100][gc,phases    ] GC(0)   Pre Evacuate Collection Set: 0.0ms
[2025-07-10T12:28:43.190+0100][gc,phases    ] GC(0)   Evacuate Collection Set: 13.9ms
[2025-07-10T12:28:43.190+0100][gc,phases    ] GC(0)   Post Evacuate Collection Set: 0.6ms
[2025-07-10T12:28:43.190+0100][gc,phases    ] GC(0)   Other: 0.9ms
[2025-07-10T12:28:43.192+0100][gc,heap      ] GC(0) Eden regions: 47->0(44)
[2025-07-10T12:28:43.192+0100][gc,heap      ] GC(0) Survivor regions: 0->7(7)
[2025-07-10T12:28:43.192+0100][gc,heap      ] GC(0) Old regions: 0->1
[2025-07-10T12:28:43.192+0100][gc,heap      ] GC(0) Humongous regions: 0->0
[2025-07-10T12:28:43.192+0100][gc,metaspace ] GC(0) Metaspace: 20801K(21296K)->20801K(21296K) NonClass: 18585K(18864K)->18585K(18864K) Class: 2216K(2432K)->2216K(2432K)
[2025-07-10T12:28:43.192+0100][gc           ] GC(0) Pause Young (Concurrent Start) (Metadata GC Threshold) 47M->7M(1024M) 17.459ms
[2025-07-10T12:28:43.192+0100][gc,cpu       ] GC(0) User=0.02s Sys=0.02s Real=0.02s
[2025-07-10T12:28:43.192+0100][gc           ] GC(1) Concurrent Cycle
[2025-07-10T12:28:43.192+0100][gc,marking   ] GC(1) Concurrent Clear Claimed Marks
[2025-07-10T12:28:43.192+0100][gc,marking   ] GC(1) Concurrent Clear Claimed Marks 0.040ms
[2025-07-10T12:28:43.192+0100][gc,marking   ] GC(1) Concurrent Scan Root Regions
[2025-07-10T12:28:43.199+0100][gc,marking   ] GC(1) Concurrent Scan Root Regions 5.970ms
[2025-07-10T12:28:43.199+0100][gc,marking   ] GC(1) Concurrent Mark (1.751s)
[2025-07-10T12:28:43.199+0100][gc,marking   ] GC(1) Concurrent Mark From Roots
[2025-07-10T12:28:43.199+0100][gc,task      ] GC(1) Using 1 workers of 1 for marking
[2025-07-10T12:28:43.201+0100][gc,marking   ] GC(1) Concurrent Mark From Roots 2.724ms
[2025-07-10T12:28:43.201+0100][gc,marking   ] GC(1) Concurrent Preclean
[2025-07-10T12:28:43.201+0100][gc,marking   ] GC(1) Concurrent Preclean 0.103ms
[2025-07-10T12:28:43.201+0100][gc,marking   ] GC(1) Concurrent Mark (1.751s, 1.754s) 2.937ms
[2025-07-10T12:28:43.201+0100][gc,start     ] GC(1) Pause Remark
[2025-07-10T12:28:43.205+0100][gc,stringtable] GC(1) Cleaned string and symbol table, strings: 8260 processed, 0 removed, symbols: 66363 processed, 32 removed
[2025-07-10T12:28:43.206+0100][gc            ] GC(1) Pause Remark 7M->7M(1024M) 3.243ms
[2025-07-10T12:28:43.206+0100][gc,cpu        ] GC(1) User=0.00s Sys=0.02s Real=0.01s
[2025-07-10T12:28:43.206+0100][gc,marking    ] GC(1) Concurrent Rebuild Remembered Sets
[2025-07-10T12:28:43.206+0100][gc,marking    ] GC(1) Concurrent Rebuild Remembered Sets 0.617ms
[2025-07-10T12:28:43.206+0100][gc,start      ] GC(1) Pause Cleanup
[2025-07-10T12:28:43.207+0100][gc            ] GC(1) Pause Cleanup 7M->7M(1024M) 0.165ms
[2025-07-10T12:28:43.207+0100][gc,cpu        ] GC(1) User=0.00s Sys=0.00s Real=0.00s
[2025-07-10T12:28:43.207+0100][gc,marking    ] GC(1) Concurrent Cleanup for Next Mark
[2025-07-10T12:28:43.210+0100][gc,marking    ] GC(1) Concurrent Cleanup for Next Mark 3.228ms
[2025-07-10T12:28:43.210+0100][gc            ] GC(1) Concurrent Cycle 17.218ms
[2025-07-10T12:28:44.227+0100][gc,start      ] GC(2) Pause Young (Normal) (G1 Evacuation Pause)
[2025-07-10T12:28:44.227+0100][gc,task       ] GC(2) Using 4 workers of 4 for evacuation
[2025-07-10T12:28:44.236+0100][gc,phases     ] GC(2)   Pre Evacuate Collection Set: 0.0ms
[2025-07-10T12:28:44.236+0100][gc,phases     ] GC(2)   Evacuate Collection Set: 8.5ms
[2025-07-10T12:28:44.236+0100][gc,phases     ] GC(2)   Post Evacuate Collection Set: 0.6ms
[2025-07-10T12:28:44.236+0100][gc,phases     ] GC(2)   Other: 0.2ms
[2025-07-10T12:28:44.236+0100][gc,heap       ] GC(2) Eden regions: 44->0(49)
[2025-07-10T12:28:44.236+0100][gc,heap       ] GC(2) Survivor regions: 7->2(7)
[2025-07-10T12:28:44.236+0100][gc,heap       ] GC(2) Old regions: 1->8
[2025-07-10T12:28:44.236+0100][gc,heap       ] GC(2) Humongous regions: 0->0
[2025-07-10T12:28:44.236+0100][gc,metaspace  ] GC(2) Metaspace: 29679K(30640K)->29679K(30640K) NonClass: 26276K(26800K)->26276K(26800K) Class: 3402K(3840K)->3402K(3840K)
[2025-07-10T12:28:44.236+0100][gc            ] GC(2) Pause Young (Normal) (G1 Evacuation Pause) 51M->8M(1024M) 9.527ms
[2025-07-10T12:28:44.236+0100][gc,cpu        ] GC(2) User=0.05s Sys=0.02s Real=0.01s
[2025-07-10T12:28:44.971+0100][gc,start      ] GC(3) Pause Young (Concurrent Start) (Metadata GC Threshold)
[2025-07-10T12:28:44.971+0100][gc,task       ] GC(3) Using 4 workers of 4 for evacuation
[2025-07-10T12:28:44.976+0100][gc,phases     ] GC(3)   Pre Evacuate Collection Set: 0.1ms
[2025-07-10T12:28:44.976+0100][gc,phases     ] GC(3)   Evacuate Collection Set: 3.7ms
[2025-07-10T12:28:44.976+0100][gc,phases     ] GC(3)   Post Evacuate Collection Set: 0.3ms
[2025-07-10T12:28:44.976+0100][gc,phases     ] GC(3)   Other: 0.3ms
[2025-07-10T12:28:44.976+0100][gc,heap       ] GC(3) Eden regions: 29->0(48)
[2025-07-10T12:28:44.976+0100][gc,heap       ] GC(3) Survivor regions: 2->3(7)
[2025-07-10T12:28:44.976+0100][gc,heap       ] GC(3) Old regions: 8->8
[2025-07-10T12:28:44.976+0100][gc,heap       ] GC(3) Humongous regions: 129->129
[2025-07-10T12:28:44.976+0100][gc,metaspace  ] GC(3) Metaspace: 34987K(35920K)->34987K(35920K) NonClass: 31103K(31568K)->31103K(31568K) Class: 3883K(4352K)->3883K(4352K)
[2025-07-10T12:28:44.976+0100][gc            ] GC(3) Pause Young (Concurrent Start) (Metadata GC Threshold) 166M->138M(1024M) 4.608ms
[2025-07-10T12:28:44.976+0100][gc,cpu        ] GC(3) User=0.00s Sys=0.00s Real=0.01s
[2025-07-10T12:28:44.976+0100][gc            ] GC(4) Concurrent Cycle
[2025-07-10T12:28:44.976+0100][gc,marking    ] GC(4) Concurrent Clear Claimed Marks
[2025-07-10T12:28:44.976+0100][gc,marking    ] GC(4) Concurrent Clear Claimed Marks 0.082ms
[2025-07-10T12:28:44.976+0100][gc,marking    ] GC(4) Concurrent Scan Root Regions
[2025-07-10T12:28:44.980+0100][gc,marking    ] GC(4) Concurrent Scan Root Regions 3.373ms
[2025-07-10T12:28:44.980+0100][gc,marking    ] GC(4) Concurrent Mark (3.533s)
[2025-07-10T12:28:44.980+0100][gc,marking    ] GC(4) Concurrent Mark From Roots
[2025-07-10T12:28:44.980+0100][gc,task       ] GC(4) Using 1 workers of 1 for marking
[2025-07-10T12:28:44.993+0100][gc,marking    ] GC(4) Concurrent Mark From Roots 11.739ms
[2025-07-10T12:28:44.993+0100][gc,marking    ] GC(4) Concurrent Preclean
[2025-07-10T12:28:44.993+0100][gc,marking    ] GC(4) Concurrent Preclean 0.239ms
[2025-07-10T12:28:44.993+0100][gc,marking    ] GC(4) Concurrent Mark (3.533s, 3.545s) 12.101ms
[2025-07-10T12:28:44.993+0100][gc,start      ] GC(4) Pause Remark
[2025-07-10T12:28:44.997+0100][gc,stringtable] GC(4) Cleaned string and symbol table, strings: 11702 processed, 11 removed, symbols: 100510 processed, 24 removed
[2025-07-10T12:28:44.997+0100][gc            ] GC(4) Pause Remark 140M->140M(1024M) 3.199ms
[2025-07-10T12:28:44.997+0100][gc,cpu        ] GC(4) User=0.00s Sys=0.00s Real=0.00s
[2025-07-10T12:28:44.997+0100][gc,marking    ] GC(4) Concurrent Rebuild Remembered Sets
[2025-07-10T12:28:45.001+0100][gc,marking    ] GC(4) Concurrent Rebuild Remembered Sets 4.488ms
[2025-07-10T12:28:45.001+0100][gc,start      ] GC(4) Pause Cleanup
[2025-07-10T12:28:45.001+0100][gc            ] GC(4) Pause Cleanup 140M->140M(1024M) 0.167ms
[2025-07-10T12:28:45.001+0100][gc,cpu        ] GC(4) User=0.00s Sys=0.00s Real=0.00s
[2025-07-10T12:28:45.001+0100][gc,marking    ] GC(4) Concurrent Cleanup for Next Mark
[2025-07-10T12:28:45.005+0100][gc,marking    ] GC(4) Concurrent Cleanup for Next Mark 2.899ms
[2025-07-10T12:28:45.005+0100][gc            ] GC(4) Concurrent Cycle 27.400ms
[2025-07-10T12:28:45.982+0100][gc,start      ] GC(5) Pause Young (Normal) (G1 Evacuation Pause)
[2025-07-10T12:28:45.982+0100][gc,task       ] GC(5) Using 4 workers of 4 for evacuation
[2025-07-10T12:28:46.002+0100][gc,phases     ] GC(5)   Pre Evacuate Collection Set: 0.1ms
[2025-07-10T12:28:46.002+0100][gc,phases     ] GC(5)   Evacuate Collection Set: 19.0ms
[2025-07-10T12:28:46.002+0100][gc,phases     ] GC(5)   Post Evacuate Collection Set: 0.6ms
[2025-07-10T12:28:46.002+0100][gc,phases     ] GC(5)   Other: 0.5ms
[2025-07-10T12:28:46.002+0100][gc,heap       ] GC(5) Eden regions: 48->0(44)
[2025-07-10T12:28:46.002+0100][gc,heap       ] GC(5) Survivor regions: 3->7(7)
[2025-07-10T12:28:46.002+0100][gc,heap       ] GC(5) Old regions: 8->8
[2025-07-10T12:28:46.002+0100][gc,heap       ] GC(5) Humongous regions: 129->129
[2025-07-10T12:28:46.002+0100][gc,metaspace  ] GC(5) Metaspace: 43196K(44752K)->43196K(44752K) NonClass: 38417K(39248K)->38417K(39248K) Class: 4778K(5504K)->4778K(5504K)
[2025-07-10T12:28:46.002+0100][gc            ] GC(5) Pause Young (Normal) (G1 Evacuation Pause) 186M->143M(1024M) 20.337ms
[2025-07-10T12:28:46.002+0100][gc,cpu        ] GC(5) User=0.09s Sys=0.03s Real=0.02s
[2025-07-10T12:35:30.632+0100][gc,heap,exit  ] Heap
[2025-07-10T12:35:30.633+0100][gc,heap,exit  ]  garbage-first heap   total 1048576K, used 189727K [0x00000000c0000000, 0x0000000100000000)
[2025-07-10T12:35:30.633+0100][gc,heap,exit  ]   region size 1024K, 51 young (52224K), 7 survivors (7168K)
[2025-07-10T12:35:30.633+0100][gc,heap,exit  ]  Metaspace       used 49124K, capacity 51424K, committed 51536K, reserved 1093632K
[2025-07-10T12:35:30.633+0100][gc,heap,exit  ]   class space    used 5974K, capacity 7129K, committed 7168K, reserved 1048576K
