[2025-07-10T12:04:23.052+0100][gc,heap] Heap region size: 1M
[2025-07-10T12:04:23.073+0100][gc     ] Using G1
[2025-07-10T12:04:23.073+0100][gc,heap,coops] Heap address: 0x00000000c0000000, size: 1024 MB, Compressed Oops mode: 32-bit
[2025-07-10T12:04:24.908+0100][gc,start     ] GC(0) Pause Young (Concurrent Start) (Metadata GC Threshold)
[2025-07-10T12:04:24.908+0100][gc,task      ] GC(0) Using 4 workers of 4 for evacuation
[2025-07-10T12:04:24.919+0100][gc,phases    ] GC(0)   Pre Evacuate Collection Set: 0.0ms
[2025-07-10T12:04:24.919+0100][gc,phases    ] GC(0)   Evacuate Collection Set: 9.7ms
[2025-07-10T12:04:24.919+0100][gc,phases    ] GC(0)   Post Evacuate Collection Set: 0.6ms
[2025-07-10T12:04:24.919+0100][gc,phases    ] GC(0)   Other: 0.6ms
[2025-07-10T12:04:24.920+0100][gc,heap      ] GC(0) Eden regions: 47->0(44)
[2025-07-10T12:04:24.921+0100][gc,heap      ] GC(0) Survivor regions: 0->7(7)
[2025-07-10T12:04:24.921+0100][gc,heap      ] GC(0) Old regions: 0->1
[2025-07-10T12:04:24.921+0100][gc,heap      ] GC(0) Humongous regions: 0->0
[2025-07-10T12:04:24.921+0100][gc,metaspace ] GC(0) Metaspace: 20786K(21296K)->20786K(21296K) NonClass: 18569K(18864K)->18569K(18864K) Class: 2216K(2432K)->2216K(2432K)
[2025-07-10T12:04:24.921+0100][gc           ] GC(0) Pause Young (Concurrent Start) (Metadata GC Threshold) 47M->7M(1024M) 13.227ms
[2025-07-10T12:04:24.921+0100][gc,cpu       ] GC(0) User=0.00s Sys=0.00s Real=0.01s
[2025-07-10T12:04:24.921+0100][gc           ] GC(1) Concurrent Cycle
[2025-07-10T12:04:24.921+0100][gc,marking   ] GC(1) Concurrent Clear Claimed Marks
[2025-07-10T12:04:24.921+0100][gc,marking   ] GC(1) Concurrent Clear Claimed Marks 0.048ms
[2025-07-10T12:04:24.921+0100][gc,marking   ] GC(1) Concurrent Scan Root Regions
[2025-07-10T12:04:24.926+0100][gc,marking   ] GC(1) Concurrent Scan Root Regions 4.715ms
[2025-07-10T12:04:24.926+0100][gc,marking   ] GC(1) Concurrent Mark (1.892s)
[2025-07-10T12:04:24.926+0100][gc,marking   ] GC(1) Concurrent Mark From Roots
[2025-07-10T12:04:24.926+0100][gc,task      ] GC(1) Using 1 workers of 1 for marking
[2025-07-10T12:04:24.928+0100][gc,marking   ] GC(1) Concurrent Mark From Roots 2.361ms
[2025-07-10T12:04:24.928+0100][gc,marking   ] GC(1) Concurrent Preclean
[2025-07-10T12:04:24.928+0100][gc,marking   ] GC(1) Concurrent Preclean 0.143ms
[2025-07-10T12:04:24.928+0100][gc,marking   ] GC(1) Concurrent Mark (1.892s, 1.895s) 2.658ms
[2025-07-10T12:04:24.928+0100][gc,start     ] GC(1) Pause Remark
[2025-07-10T12:04:24.931+0100][gc,stringtable] GC(1) Cleaned string and symbol table, strings: 8270 processed, 0 removed, symbols: 66364 processed, 32 removed
[2025-07-10T12:04:24.931+0100][gc            ] GC(1) Pause Remark 7M->7M(1024M) 2.522ms
[2025-07-10T12:04:24.931+0100][gc,cpu        ] GC(1) User=0.00s Sys=0.00s Real=0.00s
[2025-07-10T12:04:24.931+0100][gc,marking    ] GC(1) Concurrent Rebuild Remembered Sets
[2025-07-10T12:04:24.932+0100][gc,marking    ] GC(1) Concurrent Rebuild Remembered Sets 0.334ms
[2025-07-10T12:04:24.932+0100][gc,start      ] GC(1) Pause Cleanup
[2025-07-10T12:04:24.932+0100][gc            ] GC(1) Pause Cleanup 7M->7M(1024M) 0.155ms
[2025-07-10T12:04:24.932+0100][gc,cpu        ] GC(1) User=0.00s Sys=0.00s Real=0.00s
[2025-07-10T12:04:24.932+0100][gc,marking    ] GC(1) Concurrent Cleanup for Next Mark
[2025-07-10T12:04:24.936+0100][gc,marking    ] GC(1) Concurrent Cleanup for Next Mark 3.241ms
[2025-07-10T12:04:24.936+0100][gc            ] GC(1) Concurrent Cycle 14.546ms
[2025-07-10T12:04:26.111+0100][gc,start      ] GC(2) Pause Young (Normal) (G1 Evacuation Pause)
[2025-07-10T12:04:26.111+0100][gc,task       ] GC(2) Using 4 workers of 4 for evacuation
[2025-07-10T12:04:26.121+0100][gc,phases     ] GC(2)   Pre Evacuate Collection Set: 0.0ms
[2025-07-10T12:04:26.121+0100][gc,phases     ] GC(2)   Evacuate Collection Set: 8.7ms
[2025-07-10T12:04:26.121+0100][gc,phases     ] GC(2)   Post Evacuate Collection Set: 0.6ms
[2025-07-10T12:04:26.121+0100][gc,phases     ] GC(2)   Other: 0.2ms
[2025-07-10T12:04:26.121+0100][gc,heap       ] GC(2) Eden regions: 44->0(49)
[2025-07-10T12:04:26.121+0100][gc,heap       ] GC(2) Survivor regions: 7->2(7)
[2025-07-10T12:04:26.121+0100][gc,heap       ] GC(2) Old regions: 1->8
[2025-07-10T12:04:26.121+0100][gc,heap       ] GC(2) Humongous regions: 0->0
[2025-07-10T12:04:26.121+0100][gc,metaspace  ] GC(2) Metaspace: 29663K(30640K)->29663K(30640K) NonClass: 26262K(26800K)->26262K(26800K) Class: 3401K(3840K)->3401K(3840K)
[2025-07-10T12:04:26.121+0100][gc            ] GC(2) Pause Young (Normal) (G1 Evacuation Pause) 51M->9M(1024M) 9.981ms
[2025-07-10T12:04:26.121+0100][gc,cpu        ] GC(2) User=0.00s Sys=0.00s Real=0.01s
[2025-07-10T12:04:27.090+0100][gc,start      ] GC(3) Pause Young (Concurrent Start) (Metadata GC Threshold)
[2025-07-10T12:04:27.090+0100][gc,task       ] GC(3) Using 4 workers of 4 for evacuation
[2025-07-10T12:04:27.094+0100][gc,phases     ] GC(3)   Pre Evacuate Collection Set: 0.1ms
[2025-07-10T12:04:27.094+0100][gc,phases     ] GC(3)   Evacuate Collection Set: 3.5ms
[2025-07-10T12:04:27.094+0100][gc,phases     ] GC(3)   Post Evacuate Collection Set: 0.4ms
[2025-07-10T12:04:27.095+0100][gc,phases     ] GC(3)   Other: 0.4ms
[2025-07-10T12:04:27.095+0100][gc,heap       ] GC(3) Eden regions: 30->0(48)
[2025-07-10T12:04:27.095+0100][gc,heap       ] GC(3) Survivor regions: 2->3(7)
[2025-07-10T12:04:27.095+0100][gc,heap       ] GC(3) Old regions: 8->8
[2025-07-10T12:04:27.095+0100][gc,heap       ] GC(3) Humongous regions: 129->129
[2025-07-10T12:04:27.095+0100][gc,metaspace  ] GC(3) Metaspace: 34960K(35920K)->34960K(35920K) NonClass: 31076K(31568K)->31076K(31568K) Class: 3883K(4352K)->3883K(4352K)
[2025-07-10T12:04:27.095+0100][gc            ] GC(3) Pause Young (Concurrent Start) (Metadata GC Threshold) 167M->139M(1024M) 4.759ms
[2025-07-10T12:04:27.095+0100][gc,cpu        ] GC(3) User=0.05s Sys=0.02s Real=0.01s
[2025-07-10T12:04:27.095+0100][gc            ] GC(4) Concurrent Cycle
[2025-07-10T12:04:27.095+0100][gc,marking    ] GC(4) Concurrent Clear Claimed Marks
[2025-07-10T12:04:27.095+0100][gc,marking    ] GC(4) Concurrent Clear Claimed Marks 0.071ms
[2025-07-10T12:04:27.095+0100][gc,marking    ] GC(4) Concurrent Scan Root Regions
[2025-07-10T12:04:27.099+0100][gc,marking    ] GC(4) Concurrent Scan Root Regions 3.662ms
[2025-07-10T12:04:27.099+0100][gc,marking    ] GC(4) Concurrent Mark (4.065s)
[2025-07-10T12:04:27.099+0100][gc,marking    ] GC(4) Concurrent Mark From Roots
[2025-07-10T12:04:27.099+0100][gc,task       ] GC(4) Using 1 workers of 1 for marking
[2025-07-10T12:04:27.117+0100][gc,marking    ] GC(4) Concurrent Mark From Roots 17.810ms
[2025-07-10T12:04:27.117+0100][gc,marking    ] GC(4) Concurrent Preclean
[2025-07-10T12:04:27.117+0100][gc,marking    ] GC(4) Concurrent Preclean 0.230ms
[2025-07-10T12:04:27.117+0100][gc,marking    ] GC(4) Concurrent Mark (4.065s, 4.083s) 18.167ms
[2025-07-10T12:04:27.117+0100][gc,start      ] GC(4) Pause Remark
[2025-07-10T12:04:27.120+0100][gc,stringtable] GC(4) Cleaned string and symbol table, strings: 11702 processed, 11 removed, symbols: 100485 processed, 24 removed
[2025-07-10T12:04:27.121+0100][gc            ] GC(4) Pause Remark 140M->140M(1024M) 3.117ms
[2025-07-10T12:04:27.121+0100][gc,cpu        ] GC(4) User=0.00s Sys=0.00s Real=0.00s
[2025-07-10T12:04:27.121+0100][gc,marking    ] GC(4) Concurrent Rebuild Remembered Sets
[2025-07-10T12:04:27.128+0100][gc,marking    ] GC(4) Concurrent Rebuild Remembered Sets 7.577ms
[2025-07-10T12:04:27.129+0100][gc,start      ] GC(4) Pause Cleanup
[2025-07-10T12:04:27.130+0100][gc            ] GC(4) Pause Cleanup 140M->140M(1024M) 0.439ms
[2025-07-10T12:04:27.130+0100][gc,cpu        ] GC(4) User=0.00s Sys=0.00s Real=0.00s
[2025-07-10T12:04:27.130+0100][gc,marking    ] GC(4) Concurrent Cleanup for Next Mark
[2025-07-10T12:04:27.133+0100][gc,marking    ] GC(4) Concurrent Cleanup for Next Mark 3.333ms
[2025-07-10T12:04:27.133+0100][gc            ] GC(4) Concurrent Cycle 38.510ms
[2025-07-10T12:04:28.176+0100][gc,start      ] GC(5) Pause Young (Normal) (G1 Evacuation Pause)
[2025-07-10T12:04:28.177+0100][gc,task       ] GC(5) Using 4 workers of 4 for evacuation
[2025-07-10T12:04:28.189+0100][gc,phases     ] GC(5)   Pre Evacuate Collection Set: 0.0ms
[2025-07-10T12:04:28.189+0100][gc,phases     ] GC(5)   Evacuate Collection Set: 11.1ms
[2025-07-10T12:04:28.189+0100][gc,phases     ] GC(5)   Post Evacuate Collection Set: 0.6ms
[2025-07-10T12:04:28.189+0100][gc,phases     ] GC(5)   Other: 0.4ms
[2025-07-10T12:04:28.189+0100][gc,heap       ] GC(5) Eden regions: 48->0(44)
[2025-07-10T12:04:28.189+0100][gc,heap       ] GC(5) Survivor regions: 3->7(7)
[2025-07-10T12:04:28.189+0100][gc,heap       ] GC(5) Old regions: 8->8
[2025-07-10T12:04:28.189+0100][gc,heap       ] GC(5) Humongous regions: 129->129
[2025-07-10T12:04:28.189+0100][gc,metaspace  ] GC(5) Metaspace: 43173K(44752K)->43173K(44752K) NonClass: 38393K(39248K)->38393K(39248K) Class: 4779K(5504K)->4779K(5504K)
[2025-07-10T12:04:28.189+0100][gc            ] GC(5) Pause Young (Normal) (G1 Evacuation Pause) 187M->143M(1024M) 12.587ms
[2025-07-10T12:04:28.189+0100][gc,cpu        ] GC(5) User=0.02s Sys=0.02s Real=0.01s
[2025-07-10T12:17:47.988+0100][gc,start      ] GC(6) Pause Young (Normal) (G1 Evacuation Pause)
[2025-07-10T12:17:47.988+0100][gc,task       ] GC(6) Using 4 workers of 4 for evacuation
[2025-07-10T12:17:48.002+0100][gc,phases     ] GC(6)   Pre Evacuate Collection Set: 0.1ms
[2025-07-10T12:17:48.002+0100][gc,phases     ] GC(6)   Evacuate Collection Set: 13.0ms
[2025-07-10T12:17:48.002+0100][gc,phases     ] GC(6)   Post Evacuate Collection Set: 1.0ms
[2025-07-10T12:17:48.002+0100][gc,phases     ] GC(6)   Other: 0.4ms
[2025-07-10T12:17:48.002+0100][gc,heap       ] GC(6) Eden regions: 44->0(49)
[2025-07-10T12:17:48.002+0100][gc,heap       ] GC(6) Survivor regions: 7->2(7)
[2025-07-10T12:17:48.002+0100][gc,heap       ] GC(6) Old regions: 8->15
[2025-07-10T12:17:48.002+0100][gc,heap       ] GC(6) Humongous regions: 129->129
[2025-07-10T12:17:48.002+0100][gc,metaspace  ] GC(6) Metaspace: 48681K(50896K)->48681K(50896K) NonClass: 42930K(44112K)->42930K(44112K) Class: 5750K(6784K)->5750K(6784K)
[2025-07-10T12:17:48.002+0100][gc            ] GC(6) Pause Young (Normal) (G1 Evacuation Pause) 187M->144M(1024M) 14.665ms
[2025-07-10T12:17:48.002+0100][gc,cpu        ] GC(6) User=0.03s Sys=0.03s Real=0.01s
[2025-07-10T12:22:13.456+0100][gc,heap,exit  ] Heap
[2025-07-10T12:22:13.456+0100][gc,heap,exit  ]  garbage-first heap   total 1048576K, used 162735K [0x00000000c0000000, 0x0000000100000000)
[2025-07-10T12:22:13.456+0100][gc,heap,exit  ]   region size 1024K, 18 young (18432K), 2 survivors (2048K)
[2025-07-10T12:22:13.456+0100][gc,heap,exit  ]  Metaspace       used 49983K, capacity 52353K, committed 52560K, reserved 1095680K
[2025-07-10T12:22:13.456+0100][gc,heap,exit  ]   class space    used 5972K, capacity 7125K, committed 7168K, reserved 1048576K
