[2025-07-08T19:01:29.810+0100][gc,heap] Heap region size: 1M
[2025-07-08T19:01:29.817+0100][gc     ] Using G1
[2025-07-08T19:01:29.817+0100][gc,heap,coops] Heap address: 0x00000000e0000000, size: 512 MB, Compressed Oops mode: 32-bit
[2025-07-08T19:01:31.164+0100][gc,start     ] GC(0) Pause Young (Normal) (G1 Evacuation Pause)
[2025-07-08T19:01:31.164+0100][gc,task      ] GC(0) Using 4 workers of 4 for evacuation
[2025-07-08T19:01:31.174+0100][gc,phases    ] GC(0)   Pre Evacuate Collection Set: 0.0ms
[2025-07-08T19:01:31.174+0100][gc,phases    ] GC(0)   Evacuate Collection Set: 8.7ms
[2025-07-08T19:01:31.174+0100][gc,phases    ] GC(0)   Post Evacuate Collection Set: 0.5ms
[2025-07-08T19:01:31.174+0100][gc,phases    ] GC(0)   Other: 0.6ms
[2025-07-08T19:01:31.175+0100][gc,heap      ] GC(0) Eden regions: 25->0(21)
[2025-07-08T19:01:31.175+0100][gc,heap      ] GC(0) Survivor regions: 0->4(4)
[2025-07-08T19:01:31.175+0100][gc,heap      ] GC(0) Old regions: 0->4
[2025-07-08T19:01:31.175+0100][gc,heap      ] GC(0) Humongous regions: 0->0
[2025-07-08T19:01:31.175+0100][gc,metaspace ] GC(0) Metaspace: 14851K(15488K)->14851K(15488K) NonClass: 13381K(13824K)->13381K(13824K) Class: 1469K(1664K)->1469K(1664K)
[2025-07-08T19:01:31.175+0100][gc           ] GC(0) Pause Young (Normal) (G1 Evacuation Pause) 25M->7M(512M) 12.041ms
[2025-07-08T19:01:31.175+0100][gc,cpu       ] GC(0) User=0.03s Sys=0.02s Real=0.01s
