[2025-07-10T11:43:29.757+0100][gc,heap] Heap region size: 1M
[2025-07-10T11:43:29.768+0100][gc     ] Using G1
[2025-07-10T11:43:29.768+0100][gc,heap,coops] Heap address: 0x00000000e0000000, size: 512 MB, Compressed Oops mode: 32-bit
[2025-07-10T11:43:31.045+0100][gc,start     ] GC(0) Pause Young (Normal) (G1 Evacuation Pause)
[2025-07-10T11:43:31.045+0100][gc,task      ] GC(0) Using 4 workers of 4 for evacuation
[2025-07-10T11:43:31.054+0100][gc,phases    ] GC(0)   Pre Evacuate Collection Set: 0.0ms
[2025-07-10T11:43:31.054+0100][gc,phases    ] GC(0)   Evacuate Collection Set: 7.5ms
[2025-07-10T11:43:31.054+0100][gc,phases    ] GC(0)   Post Evacuate Collection Set: 0.6ms
[2025-07-10T11:43:31.054+0100][gc,phases    ] GC(0)   Other: 0.6ms
[2025-07-10T11:43:31.056+0100][gc,heap      ] GC(0) Eden regions: 25->0(21)
[2025-07-10T11:43:31.056+0100][gc,heap      ] GC(0) Survivor regions: 0->4(4)
[2025-07-10T11:43:31.056+0100][gc,heap      ] GC(0) Old regions: 0->4
[2025-07-10T11:43:31.056+0100][gc,heap      ] GC(0) Humongous regions: 0->0
[2025-07-10T11:43:31.056+0100][gc,metaspace ] GC(0) Metaspace: 14843K(15232K)->14843K(15232K) NonClass: 13376K(13568K)->13376K(13568K) Class: 1467K(1664K)->1467K(1664K)
[2025-07-10T11:43:31.056+0100][gc           ] GC(0) Pause Young (Normal) (G1 Evacuation Pause) 25M->7M(512M) 11.110ms
[2025-07-10T11:43:31.056+0100][gc,cpu       ] GC(0) User=0.00s Sys=0.02s Real=0.01s
[2025-07-10T11:43:31.091+0100][gc,heap,exit ] Heap
[2025-07-10T11:43:31.091+0100][gc,heap,exit ]  garbage-first heap   total 524288K, used 8817K [0x00000000e0000000, 0x0000000100000000)
[2025-07-10T11:43:31.091+0100][gc,heap,exit ]   region size 1024K, 6 young (6144K), 4 survivors (4096K)
[2025-07-10T11:43:31.091+0100][gc,heap,exit ]  Metaspace       used 15326K, capacity 15685K, committed 15744K, reserved 1062912K
[2025-07-10T11:43:31.091+0100][gc,heap,exit ]   class space    used 1528K, capacity 1658K, committed 1664K, reserved 1048576K
