[2025-07-10T18:40:05.539+0100][gc,heap] Heap region size: 1M
[2025-07-10T18:40:05.554+0100][gc     ] Using G1
[2025-07-10T18:40:05.554+0100][gc,heap,coops] Heap address: 0x00000000e0000000, size: 512 MB, Compressed Oops mode: 32-bit
[2025-07-10T18:40:20.426+0100][gc,start     ] GC(0) Pause Young (Normal) (G1 Evacuation Pause)
[2025-07-10T18:40:20.427+0100][gc,task      ] GC(0) Using 4 workers of 4 for evacuation
[2025-07-10T18:40:20.440+0100][gc,phases    ] GC(0)   Pre Evacuate Collection Set: 0.0ms
[2025-07-10T18:40:20.440+0100][gc,phases    ] GC(0)   Evacuate Collection Set: 12.3ms
[2025-07-10T18:40:20.440+0100][gc,phases    ] GC(0)   Post Evacuate Collection Set: 0.8ms
[2025-07-10T18:40:20.440+0100][gc,phases    ] GC(0)   Other: 0.9ms
[2025-07-10T18:40:20.442+0100][gc,heap      ] GC(0) Eden regions: 25->0(21)
[2025-07-10T18:40:20.442+0100][gc,heap      ] GC(0) Survivor regions: 0->4(4)
[2025-07-10T18:40:20.442+0100][gc,heap      ] GC(0) Old regions: 0->4
[2025-07-10T18:40:20.442+0100][gc,heap      ] GC(0) Humongous regions: 0->0
[2025-07-10T18:40:20.442+0100][gc,metaspace ] GC(0) Metaspace: 14858K(15488K)->14858K(15488K) NonClass: 13388K(13824K)->13388K(13824K) Class: 1469K(1664K)->1469K(1664K)
[2025-07-10T18:40:20.442+0100][gc           ] GC(0) Pause Young (Normal) (G1 Evacuation Pause) 25M->7M(512M) 16.463ms
[2025-07-10T18:40:20.443+0100][gc,cpu       ] GC(0) User=0.00s Sys=0.06s Real=0.02s
[2025-07-10T18:40:20.495+0100][gc,heap,exit ] Heap
[2025-07-10T18:40:20.496+0100][gc,heap,exit ]  garbage-first heap   total 524288K, used 7911K [0x00000000e0000000, 0x0000000100000000)
[2025-07-10T18:40:20.496+0100][gc,heap,exit ]   region size 1024K, 5 young (5120K), 4 survivors (4096K)
[2025-07-10T18:40:20.496+0100][gc,heap,exit ]  Metaspace       used 15325K, capacity 15685K, committed 15744K, reserved 1062912K
[2025-07-10T18:40:20.496+0100][gc,heap,exit ]   class space    used 1527K, capacity 1658K, committed 1664K, reserved 1048576K
